
js[0m[0K
        [0;32mnew file:   .Rproj.user/1C9E7A50/viewer_history/viewhtml21a03af44ad1/lib/plotly-binding-4.8.0/lib/plotlyjs/locales/sq[0K.
js[0m[0K
        [0;32mnew file:   .Rproj.user/1C9E7A50/viewer_history/viewhtml21a03af44ad1/lib/plotly-binding-4.8.0/lib/plotlyjs/locales/sr[0K-
sr.js[0m[0K
        [0;32mnew file:   .Rproj.user/1C9E7A50/viewer_history/viewhtml21a03af44ad1/lib/plotly-binding-4.8.0/lib/plotlyjs/locales/sr[0K.
js[0m[0K
        [0;32mnew file:   .Rproj.user/1C9E7A50/viewer_history/viewhtml21a03af44ad1/lib/plotly-binding-4.8.0/lib/plotlyjs/locales/sv[0K.
js[0m[0K
        [0;32mnew file:   .Rproj.user/1C9E7A50/viewer_history/viewhtml21a03af44ad1/lib/plotly-binding-4.8.0/lib/plotlyjs/locales/sw[0K.
js[0m[0K
        [0;32mnew file:   .Rproj.user/1C9E7A50/viewer_history/viewhtml21a03af44ad1/lib/plotly-binding-4.8.0/lib/plotlyjs/locales/ta[0K.
js[0m[0K
        [0;32mnew file:   .Rproj.user/1C9E7A50/viewer_history/viewhtml21a03af44ad1/lib/plotly-binding-4.8.0/lib/plotlyjs/locales/th[0K.
js[0m[0K
        [0;32mnew file:   .Rproj.user/1C9E7A50/viewer_history/viewhtml21a03af44ad1/lib/plotly-binding-4.8.0/lib/plotlyjs/locales/tr[0K.
js[0m[0K
        [0;32mnew file:   .Rproj.user/1C9E7A50/viewer_history/viewhtml21a03af44ad1/lib/plotly-binding-4.8.0/lib/plotlyjs/locales/tt[0K.
js[0m[0K
        [0;32mnew file:   .Rproj.user/1C9E7A50/viewer_history/viewhtml21a03af44ad1/lib/plotly-binding-4.8.0/lib/plotlyjs/locales/uk[0K.
js[0m[0K
        [0;32mnew file:   .Rproj.user/1C9E7A50/viewer_history/viewhtml21a03af44ad1/lib/plotly-binding-4.8.0/lib/plotlyjs/locales/ur[0K.
js[0m[0K
        [0;32mnew file:   .Rproj.user/1C9E7A50/viewer_history/viewhtml21a03af44ad1/lib/plotly-binding-4.8.0/lib/plotlyjs/locales/vi[0K.[9G[?25h[?25l
js[0m[0K
        [0;32mnew file:   .Rproj.user/1C9E7A50/viewer_history/viewhtml21a03af44ad1/lib/plotly-binding-4.8.0/lib/plotlyjs/locales/zh[0K-
cn.js[0m[0K
        [0;32mnew file:   .Rproj.user/1C9E7A50/viewer_history/viewhtml21a03af44ad1/lib/plotly-binding-4.8.0/lib/plotlyjs/locales/zh[0K-
hk.js[0m[0K
        [0;32mnew file:   .Rproj.user/1C9E7A50/viewer_history/viewhtml21a03af44ad1/lib/plotly-binding-4.8.0/lib/plotlyjs/locales/zh[0K-
tw.js[0m[0K
        [0;32mnew file:   .Rproj.user/1C9E7A50/viewer_history/viewhtml21a03af44ad1/lib/plotly-binding-4.8.0/lib/plotlyjs/plotly-htm[0Kl
widgets.css[0m[0K
        [0;32mnew file:   .Rproj.user/1C9E7A50/viewer_history/viewhtml21a03af44ad1/lib/plotly-binding-4.8.0/lib/plotlyjs/plotly-lat[0Ke
st.min.js[0m[0K
        [0;32mnew file:   .Rproj.user/1C9E7A50/viewer_history/viewhtml21a03af44ad1/lib/plotly-binding-4.8.0/lib/selectize/selectize[0K.
bootstrap3.css[0m[0K
        [0;32mnew file:   .Rproj.user/1C9E7A50/viewer_history/viewhtml21a03af44ad1/lib/plotly-binding-4.8.0/lib/selectize/selectize[0K.
min.js[0m[0K
        [0;32mnew file:   .Rproj.user/1C9E7A50/viewer_history/viewhtml21a03af44ad1/lib/plotly-binding-4.8.0/lib/typedarray/LICENSE[0m[0K
        [0;32mnew file:   .Rproj.user/1C9E7A50/viewer_history/viewhtml21a03af44ad1/lib/plotly-binding-4.8.0/lib/typedarray/typedarr[0Ka
y.min.js[0m[0K
        [0;32mnew file:   .Rproj.user/1C9E7A50/viewer_history/viewhtml21a03af44ad1/lib/plotly-binding-4.8.0/plotly.js[0m[0K
        [0;32mnew file:   .Rproj.user/1C9E7A50/viewer_history/viewhtml21a03af44ad1/lib/plotly-binding-4.8.0/plotly.yaml[0m[0K[9G[?25h[?25l
        [0;32mnew file:   .Rproj.user/1C9E7A50/viewer_history/viewhtml21a03af44ad1/lib/plotly-htmlwidgets-css-1.39.2/plotly-htmlwid[0Kg
ets.css[0m[0K
        [0;32mnew file:   .Rproj.user/1C9E7A50/viewer_history/viewhtml21a03af44ad1/lib/plotly-main-1.39.2/plotly-latest.min.js[0m[0K
        [0;32mnew file:   .Rproj.user/1C9E7A50/viewer_history/viewhtml21a03af44ad1/lib/typedarray-0.1/typedarray.min.js[0m[0K
        [0;32mnew file:   .Rproj.user/shared/notebooks/patch-chunk-names[0m[0K
        [0;32mnew file:   .Rproj.user/shared/notebooks/paths[0m[0K
        [0;32mnew file:   TAC-seq-gene-expression.R[0m[0K
        [0;32mnew file:   TAC-seq-gene-expression.Rproj[0m[0K
        [0;32mnew file:   data/targets.tsv[0m[0K
[0K
Changes not staged for commit:[0K
  (use "git add <file>..." to update what will be committed)[0K
  (use "git checkout -- <file>..." to discard changes in working directory)[0K
[0K
        [0;31mmodified:   .Rproj.user/1C9E7A50/console06/91694022[0m[0K
[0K
[0K[?25h[?25l
[0;32mhindr@DESKTOP-12GM5E4 [0;35m [0;33m~/OneDrive - Tartu Ülikool/TerviseTAK/TAC-seq-gene-expression[0;36m (master)[0m[0K
$[0K[3G[?25h[?25l$ g[0K[?25hit[0K[7G[?25l$ git c[0K[?25ho[0Km[0Km[0Ki[0Kt[0K[14G[?25l$ git commit -[0K[?25hm[0K[17G[?25l$ git commit -m "[0K[?25ha[0Kd[0Kd[0K[22G[?25l$ git commit -m "add a[0K[?25hl[0Kl[0K"[0K[?25l
[0K[?25h[master 7a38a19] add all[0K[?25l
 129 files changed, 15018 insertions(+)[0K
 create mode 100644 .Rproj.user/1C9E7A50/console06/91694022[0K
 create mode 100644 .Rproj.user/1C9E7A50/console06/INDEX001[0K
 create mode 100644 .Rproj.user/1C9E7A50/pcs/debug-breakpoints.pper[0K
 create mode 100644 .Rproj.user/1C9E7A50/pcs/files-pane.pper[0K
 create mode 100644 .Rproj.user/1C9E7A50/pcs/source-pane.pper[0K
 create mode 100644 .Rproj.user/1C9E7A50/pcs/windowlayoutstate.pper[0K
 create mode 100644 .Rproj.user/1C9E7A50/pcs/workbench-pane.pper[0K
 create mode 100644 .Rproj.user/1C9E7A50/persistent-state[0K
 create mode 100644 .Rproj.user/1C9E7A50/rmd-outputs[0K
 create mode 100644 .Rproj.user/1C9E7A50/saved_source_markers[0K
 create mode 100644 .Rproj.user/1C9E7A50/sources/prop/3ADDB8DF[0K
 create mode 100644 .Rproj.user/1C9E7A50/sources/prop/BCF51075[0K
 create mode 100644 .Rproj.user/1C9E7A50/sources/prop/BFCFE3FF[0K
 create mode 100644 .Rproj.user/1C9E7A50/sources/prop/INDEX[0K
 create mode 100644 .Rproj.user/1C9E7A50/sources/s-89E82A3/37B8A32F-contents[0K
 create mode 100644 .Rproj.user/1C9E7A50/sources/s-89E82A3/3EB2C201-contents[0K
 create mode 100644 .Rproj.user/1C9E7A50/sources/s-89E82A3/629BEA69-contents[0K
 create mode 100644 .Rproj.user/1C9E7A50/sources/s-89E82A3/8DB55FDA-contents[0K
 create mode 100644 .Rproj.user/1C9E7A50/sources/s-89E82A3/D852D447-contents[0K
 create mode 100644 .Rproj.user/1C9E7A50/sources/s-89E82A3/F3C66F4D[0K
 create mode 100644 .Rproj.user/1C9E7A50/sources/s-89E82A3/F3C66F4D-contents[0K
 create mode 100644 .Rproj.user/1C9E7A50/sources/s-89E82A3/lock_file[0K
 create mode 100644 .Rproj.user/1C9E7A50/viewer_history/current_index[0K
 create mode 100644 .Rproj.user/1C9E7A50/viewer_history/history_entries[0K
 create mode 100644 .Rproj.user/1C9E7A50/viewer_history/viewhtml21a03af44ad1/index.html[0K
 create mode 100644 .Rproj.user/1C9E7A50/viewer_history/viewhtml21a03af44ad1/lib/crosstalk-1.0.0/css/crosstalk.css[0K
 create mode 100644 .Rproj.user/1C9E7A50/viewer_history/viewhtml21a03af44ad1/lib/crosstalk-1.0.0/js/crosstalk.js[0K
 create mode 100644 .Rproj.user/1C9E7A50/viewer_history/viewhtml21a03af44ad1/lib/crosstalk-1.0.0/js/crosstalk.js.map[0K
 create mode 100644 .Rproj.user/1C9E7A50/viewer_history/viewhtml21a03af44ad1/lib/crosstalk-1.0.0/js/crosstalk.min.js[0K
 create mode 100644 .Rproj.user/1C9E7A50/viewer_history/viewhtml21a03af44ad1/lib/crosstalk-1.0.0/js/crosstalk.min.js.map[0K
 create mode 100644 .Rproj.user/1C9E7A50/viewer_history/viewhtml21a03af44ad1/lib/htmlwidgets-1.2/htmlwidgets.js[0K
 create mode 100644 .Rproj.user/1C9E7A50/viewer_history/viewhtml21a03af44ad1/lib/jquery-1.11.3/jquery-AUTHORS.txt[0K
 create mode 100644 .Rproj.user/1C9E7A50/viewer_history/viewhtml21a03af44ad1/lib/jquery-1.11.3/jquery.js[0K
 create mode 100644 .Rproj.user/1C9E7A50/viewer_history/viewhtml21a03af44ad1/lib/jquery-1.11.3/jquery.min.js[0K
 create mode 100644 .Rproj.user/1C9E7A50/viewer_history/viewhtml21a03af44ad1/lib/jquery-1.11.3/jquery.min.map[0K
 create mode 100644 .Rproj.user/1C9E7A50/viewer_history/viewhtml21a03af44ad1/lib/plotly-binding-4.8.0/lib/colourpicker/LICENS[0KE
[0K
 create mode 100644 .Rproj.user/1C9E7A50/viewer_history/viewhtml21a03af44ad1/lib/plotly-binding-4.8.0/lib/colourpicker/colour[0Kp
icker.min.css[0K
 create mode 100644 .Rproj.user/1C9E7A50/viewer_history/viewhtml21a03af44ad1/lib/plotly-binding-4.8.0/lib/colourpicker/colour[0Kp
icker.min.js[0K
 create mode 100644 .Rproj.user/1C9E7A50/viewer_history/viewhtml21a03af44ad1/lib/plotly-binding-4.8.0/lib/mathjax/cdn.js[0K
 create mode 100644 .Rproj.user/1C9E7A50/viewer_history/viewhtml21a03af44ad1/lib/plotly-binding-4.8.0/lib/plotlyjs/LICENSE[0K
 create mode 100644 .Rproj.user/1C9E7A50/viewer_history/viewhtml21a03af44ad1/lib/plotly-binding-4.8.0/lib/plotlyjs/locales/af[0K.
js[0K
 create mode 100644 .Rproj.user/1C9E7A50/viewer_history/viewhtml21a03af44ad1/lib/plotly-binding-4.8.0/lib/plotlyjs/locales/am[0K.
js[0K
 create mode 100644 .Rproj.user/1C9E7A50/viewer_history/viewhtml21a03af44ad1/lib/plotly-binding-4.8.0/lib/plotlyjs/locales/ar[0K-
dz.js[0K
 create mode 100644 .Rproj.user/1C9E7A50/viewer_history/viewhtml21a03af44ad1/lib/plotly-binding-4.8.0/lib/plotlyjs/locales/ar[0K-
eg.js[0K
 create mode 100644 .Rproj.user/1C9E7A50/viewer_history/viewhtml21a03af44ad1/lib/plotly-binding-4.8.0/lib/plotlyjs/locales/ar[0K.
js[0K
 create mode 100644 .Rproj.user/1C9E7A50/viewer_history/viewhtml21a03af44ad1/lib/plotly-binding-4.8.0/lib/plotlyjs/locales/az[0K.
js[0K
 create mode 100644 .Rproj.user/1C9E7A50/viewer_history/viewhtml21a03af44ad1/lib/plotly-binding-4.8.0/lib/plotlyjs/locales/bg[0K.
js[0K
 create mode 100644 .Rproj.user/1C9E7A50/viewer_history/viewhtml21a03af44ad1/lib/plotly-binding-4.8.0/lib/plotlyjs/locales/bs[0K.
js[0K
 create mode 100644 .Rproj.user/1C9E7A50/viewer_history/viewhtml21a03af44ad1/lib/plotly-binding-4.8.0/lib/plotlyjs/locales/ca[0K.
js[0K
 create mode 100644 .Rproj.user/1C9E7A50/viewer_history/viewhtml21a03af44ad1/lib/plotly-binding-4.8.0/lib/plotlyjs/locales/cs[0K.
js[0K
 create mode 100644 .Rproj.user/1C9E7A50/viewer_history/viewhtml21a03af44ad1/lib/plotly-binding-4.8.0/lib/plotlyjs/locales/da[0K.
js[0K
 create mode 100644 .Rproj.user/1C9E7A50/viewer_history/viewhtml21a03af44ad1/lib/plotly-binding-4.8.0/lib/plotlyjs/locales/de[0K-
ch.js[0K
 create mode 100644 .Rproj.user/1C9E7A50/viewer_history/viewhtml21a03af44ad1/lib/plotly-binding-4.8.0/lib/plotlyjs/locales/de[0K.
js[0K
 create mode 100644 .Rproj.user/1C9E7A50/viewer_history/viewhtml21a03af44ad1/lib/plotly-binding-4.8.0/lib/plotlyjs/locales/el[0K.
js[0K
 create mode 100644 .Rproj.user/1C9E7A50/viewer_history/viewhtml21a03af44ad1/lib/plotly-binding-4.8.0/lib/plotlyjs/locales/eo[0K.
js[0K
 create mode 100644 .Rproj.user/1C9E7A50/viewer_history/viewhtml21a03af44ad1/lib/plotly-binding-4.8.0/lib/plotlyjs/locales/es[0K-
ar.js[0K
 create mode 100644 .Rproj.user/1C9E7A50/viewer_history/viewhtml21a03af44ad1/lib/plotly-binding-4.8.0/lib/plotlyjs/locales/es[0K-
pe.js[0K
 create mode 100644 .Rproj.user/1C9E7A50/viewer_history/viewhtml21a03af44ad1/lib/plotly-binding-4.8.0/lib/plotlyjs/locales/es[0K.
js[0K
 create mode 100644 .Rproj.user/1C9E7A50/viewer_history/viewhtml21a03af44ad1/lib/plotly-binding-4.8.0/lib/plotlyjs/locales/et[0K.
js[0K
 create mode 100644 .Rproj.user/1C9E7A50/viewer_history/viewhtml21a03af44ad1/lib/plotly-binding-4.8.0/lib/plotlyjs/locales/eu[0K.
js[0K
 create mode 100644 .Rproj.user/1C9E7A50/viewer_history/viewhtml21a03af44ad1/lib/plotly-binding-4.8.0/lib/plotlyjs/locales/fa[0K.
js[0K
 create mode 100644 .Rproj.user/1C9E7A50/viewer_history/viewhtml21a03af44ad1/lib/plotly-binding-4.8.0/lib/plotlyjs/locales/fi[0K.
js[0K
 create mode 100644 .Rproj.user/1C9E7A50/viewer_history/viewhtml21a03af44ad1/lib/plotly-binding-4.8.0/lib/plotlyjs/locales/fo[0K.
js[0K
 create mode 100644 .Rproj.user/1C9E7A50/viewer_history/viewhtml21a03af44ad1/lib/plotly-binding-4.8.0/lib/plotlyjs/locales/fr[0K-
ch.js[0K
 create mode 100644 .Rproj.user/1C9E7A50/viewer_history/viewhtml21a03af44ad1/lib/plotly-binding-4.8.0/lib/plotlyjs/locales/fr[0K.
js[0K
 create mode 100644 .Rproj.user/1C9E7A50/viewer_history/viewhtml21a03af44ad1/lib/plotly-binding-4.8.0/lib/plotlyjs/locales/gl[0K.
js[0K
 create mode 100644 .Rproj.user/1C9E7A50/viewer_history/viewhtml21a03af44ad1/lib/plotly-binding-4.8.0/lib/plotlyjs/locales/gu[0K.
js[0K
 create mode 100644 .Rproj.user/1C9E7A50/viewer_history/viewhtml21a03af44ad1/lib/plotly-binding-4.8.0/lib/plotlyjs/locales/he[0K.
js[0K
 create mode 100644 .Rproj.user/1C9E7A50/viewer_history/viewhtml21a03af44ad1/lib/plotly-binding-4.8.0/lib/plotlyjs/locales/hi[0K-
in.js[0K
 create mode 100644 .Rproj.user/1C9E7A50/viewer_history/viewhtml21a03af44ad1/lib/plotly-binding-4.8.0/lib/plotlyjs/locales/hr[0K.
js[0K
 create mode 100644 .Rproj.user/1C9E7A50/viewer_history/viewhtml21a03af44ad1/lib/plotly-binding-4.8.0/lib/plotlyjs/locales/hu[0K.
js[0K
 create mode 100644 .Rproj.user/1C9E7A50/viewer_history/viewhtml21a03af44ad1/lib/plotly-binding-4.8.0/lib/plotlyjs/locales/hy[0K.
js[0K
 create mode 100644 .Rproj.user/1C9E7A50/viewer_history/viewhtml21a03af44ad1/lib/plotly-binding-4.8.0/lib/plotlyjs/locales/id[0K.
js[0K
 create mode 100644 .Rproj.user/1C9E7A50/viewer_history/viewhtml21a03af44ad1/lib/plotly-binding-4.8.0/lib/plotlyjs/locales/is[0K.
js[0K
 create mode 100644 .Rproj.user/1C9E7A50/viewer_history/viewhtml21a03af44ad1/lib/plotly-binding-4.8.0/lib/plotlyjs/locales/it[0K.
js[0K
 create mode 100644 .Rproj.user/1C9E7A50/viewer_history/viewhtml21a03af44ad1/lib/plotly-binding-4.8.0/lib/plotlyjs/locales/ja[0K.
js[0K
 create mode 100644 .Rproj.user/1C9E7A50/viewer_history/viewhtml21a03af44ad1/lib/plotly-binding-4.8.0/lib/plotlyjs/locales/ka[0K.
js[0K
 create mode 100644 .Rproj.user/1C9E7A50/viewer_history/viewhtml21a03af44ad1/lib/plotly-binding-4.8.0/lib/plotlyjs/locales/km[0K.
js[0K
 create mode 100644 .Rproj.user/1C9E7A50/viewer_history/viewhtml21a03af44ad1/lib/plotly-binding-4.8.0/lib/plotlyjs/locales/ko[0K.
js[0K
 create mode 100644 .Rproj.user/1C9E7A50/viewer_history/viewhtml21a03af44ad1/lib/plotly-binding-4.8.0/lib/plotlyjs/locales/lt[0K.
js[0K
 create mode 100644 .Rproj.user/1C9E7A50/viewer_history/viewhtml21a03af44ad1/lib/plotly-binding-4.8.0/lib/plotlyjs/locales/lv[0K.
js[0K
 create mode 100644 .Rproj.user/1C9E7A50/viewer_history/viewhtml21a03af44ad1/lib/plotly-binding-4.8.0/lib/plotlyjs/locales/me[0K-
me.js[0K
 create mode 100644 .Rproj.user/1C9E7A50/viewer_history/viewhtml21a03af44ad1/lib/plotly-binding-4.8.0/lib/plotlyjs/locales/me[0K.
js[0K
 create mode 100644 .Rproj.user/1C9E7A50/viewer_history/viewhtml21a03af44ad1/lib/plotly-binding-4.8.0/lib/plotlyjs/locales/mk[0K.
js[0K
 create mode 100644 .Rproj.user/1C9E7A50/viewer_history/viewhtml21a03af44ad1/lib/plotly-binding-4.8.0/lib/plotlyjs/locales/ml[0K.
js[0K
 create mode 100644 .Rproj.user/1C9E7A50/viewer_history/viewhtml21a03af44ad1/lib/plotly-binding-4.8.0/lib/plotlyjs/locales/ms[0K.
js[0K
 create mode 100644 .Rproj.user/1C9E7A50/viewer_history/viewhtml21a03af44ad1/lib/plotly-binding-4.8.0/lib/plotlyjs/locales/mt[0K.
js[0K
 create mode 100644 .Rproj.user/1C9E7A50/viewer_history/viewhtml21a03af44ad1/lib/plotly-binding-4.8.0/lib/plotlyjs/locales/nl[0K-
be.js[0K
 create mode 100644 .Rproj.user/1C9E7A50/viewer_history/viewhtml21a03af44ad1/lib/plotly-binding-4.8.0/lib/plotlyjs/locales/nl[0K.
js[0K
 create mode 100644 .Rproj.user/1C9E7A50/viewer_history/viewhtml21a03af44ad1/lib/plotly-binding-4.8.0/lib/plotlyjs/locales/no[0K.
js[0K
 create mode 100644 .Rproj.user/1C9E7A50/viewer_history/viewhtml21a03af44ad1/lib/plotly-binding-4.8.0/lib/plotlyjs/locales/pa[0K.
js[0K
 create mode 100644 .Rproj.user/1C9E7A50/viewer_history/viewhtml21a03af44ad1/lib/plotly-binding-4.8.0/lib/plotlyjs/locales/pl[0K.
js[0K
 create mode 100644 .Rproj.user/1C9E7A50/viewer_history/viewhtml21a03af44ad1/lib/plotly-binding-4.8.0/lib/plotlyjs/locales/pt[0K-
br.js[0K
 create mode 100644 .Rproj.user/1C9E7A50/viewer_history/viewhtml21a03af44ad1/lib/plotly-binding-4.8.0/lib/plotlyjs/locales/rm[0K.
js[0K
 create mode 100644 .Rproj.user/1C9E7A50/viewer_history/viewhtml21a03af44ad1/lib/plotly-binding-4.8.0/lib/plotlyjs/locales/ro[0K.
js[0K
 create mode 100644 .Rproj.user/1C9E7A50/viewer_history/viewhtml21a03af44ad1/lib/plotly-binding-4.8.0/lib/plotlyjs/locales/ru[0K.
js[0K
 create mode 100644 .Rproj.user/1C9E7A50/viewer_history/viewhtml21a03af44ad1/lib/plotly-binding-4.8.0/lib/plotlyjs/locales/sk[0K.
js[0K
 create mode 100644 .Rproj.user/1C9E7A50/viewer_history/viewhtml21a03af44ad1/lib/plotly-binding-4.8.0/lib/plotlyjs/locales/sl[0K.
js[0K
 create mode 100644 .Rproj.user/1C9E7A50/viewer_history/viewhtml21a03af44ad1/lib/plotly-binding-4.8.0/lib/plotlyjs/locales/sq[0K.
js[0K
 create mode 100644 .Rproj.user/1C9E7A50/viewer_history/viewhtml21a03af44ad1/lib/plotly-binding-4.8.0/lib/plotlyjs/locales/sr[0K-
sr.js[0K
 create mode 100644 .Rproj.user/1C9E7A50/viewer_history/viewhtml21a03af44ad1/lib/plotly-binding-4.8.0/lib/plotlyjs/locales/sr[0K.
js[0K
 create mode 100644 .Rproj.user/1C9E7A50/viewer_history/viewhtml21a03af44ad1/lib/plotly-binding-4.8.0/lib/plotlyjs/locales/sv[0K.
js[0K
 create mode 100644 .Rproj.user/1C9E7A50/viewer_history/viewhtml21a03af44ad1/lib/plotly-binding-4.8.0/lib/plotlyjs/locales/sw[0K.
js[0K
 create mode 100644 .Rproj.user/1C9E7A50/viewer_history/viewhtml21a03af44ad1/lib/plotly-binding-4.8.0/lib/plotlyjs/locales/ta[0K.
js[0K
 create mode 100644 .Rproj.user/1C9E7A50/viewer_history/viewhtml21a03af44ad1/lib/plotly-binding-4.8.0/lib/plotlyjs/locales/th[0K.
js[0K
 create mode 100644 .Rproj.user/1C9E7A50/viewer_history/viewhtml21a03af44ad1/lib/plotly-binding-4.8.0/lib/plotlyjs/locales/tr[0K.
js[0K
 create mode 100644 .Rproj.user/1C9E7A50/viewer_history/viewhtml21a03af44ad1/lib/plotly-binding-4.8.0/lib/plotlyjs/locales/tt[0K.
js[0K
 create mode 100644 .Rproj.user/1C9E7A50/viewer_history/viewhtml21a03af44ad1/lib/plotly-binding-4.8.0/lib/plotlyjs/locales/uk[0K.
js[0K
 create mode 100644 .Rproj.user/1C9E7A50/viewer_history/viewhtml21a03af44ad1/lib/plotly-binding-4.8.0/lib/plotlyjs/locales/ur[0K.
js[0K
 create mode 100644 .Rproj.user/1C9E7A50/viewer_history/viewhtml21a03af44ad1/lib/plotly-binding-4.8.0/lib/plotlyjs/locales/vi[0K.
js[0K
 create mode 100644 .Rproj.user/1C9E7A50/viewer_history/viewhtml21a03af44ad1/lib/plotly-binding-4.8.0/lib/plotlyjs/locales/zh[0K-
cn.js[0K
 create mode 100644 .Rproj.user/1C9E7A50/viewer_history/viewhtml21a03af44ad1/lib/plotly-binding-4.8.0/lib/plotlyjs/locales/zh[0K-
hk.js[0K
 create mode 100644 .Rproj.user/1C9E7A50/viewer_history/viewhtml21a03af44ad1/lib/plotly-binding-4.8.0/lib/plotlyjs/locales/zh[0K-
tw.js[0K
 create mode 100644 .Rproj.user/1C9E7A50/viewer_history/viewhtml21a03af44ad1/lib/plotly-binding-4.8.0/lib/plotlyjs/plotly-htm[0Kl
widgets.css[0K
 create mode 100644 .Rproj.user/1C9E7A50/viewer_history/viewhtml21a03af44ad1/lib/plotly-binding-4.8.0/lib/plotlyjs/plotly-lat[0Ke
st.min.js[0K
 create mode 100644 .Rproj.user/1C9E7A50/viewer_history/viewhtml21a03af44ad1/lib/plotly-binding-4.8.0/lib/selectize/selectize[0K.
bootstrap3.css[0K
 create mode 100644 .Rproj.user/1C9E7A50/viewer_history/viewhtml21a03af44ad1/lib/plotly-binding-4.8.0/lib/selectize/selectize[0K.
min.js[0K
 create mode 100644 .Rproj.user/1C9E7A50/viewer_history/viewhtml21a03af44ad1/lib/plotly-binding-4.8.0/lib/typedarray/LICENSE[0K
 create mode 100644 .Rproj.user/1C9E7A50/viewer_history/viewhtml21a03af44ad1/lib/plotly-binding-4.8.0/lib/typedarray/typedarr[0Ka
y.min.js[0K
 create mode 100644 .Rproj.user/1C9E7A50/viewer_history/viewhtml21a03af44ad1/lib/plotly-binding-4.8.0/plotly.js[0K
 create mode 100644 .Rproj.user/1C9E7A50/viewer_history/viewhtml21a03af44ad1/lib/plotly-binding-4.8.0/plotly.yaml[0K
 create mode 100644 .Rproj.user/1C9E7A50/viewer_history/viewhtml21a03af44ad1/lib/plotly-htmlwidgets-css-1.39.2/plotly-htmlwid[0Kg
ets.css[0K
 create mode 100644 .Rproj.user/1C9E7A50/viewer_history/viewhtml21a03af44ad1/lib/plotly-main-1.39.2/plotly-latest.min.js[0K
 create mode 100644 .Rproj.user/1C9E7A50/viewer_history/viewhtml21a03af44ad1/lib/typedarray-0.1/typedarray.min.js[0K
 create mode 100644 .Rproj.user/shared/notebooks/patch-chunk-names[0K
 create mode 100644 .Rproj.user/shared/notebooks/paths[0K
 create mode 100644 TAC-seq-gene-expression.R[0K
 create mode 100644 TAC-seq-gene-expression.Rproj[0K
 create mode 100644 data/targets.tsv[0K
[0K[?25h[?25l
[0;32mhindr@DESKTOP-12GM5E4 [0;35m [0;33m~/OneDrive - Tartu Ülikool/TerviseTAK/TAC-seq-gene-expression[0;36m (master)[0m[0K
$[0K[3G[?25h[?25l$ g[0K[?25hi[0Kt[0K[7G[?25l$ git p[0K[?25hu[0Ks[0Kh[0K[?25l
[0K[?25hCounting objects: 150, done.[0K[?25l
[0K[?25hDelta compression using up to 4 threads.[0K[?25l
Compressing objects:  14% (20/136)[0K[22G[?25h[?25lCompressing objects:  56% (77/136)[0K[21G[?25h[?25lCompressing objects:  91% (124/136)[0K[1G[?25hCompressing objects: 100% (136/136), done.[0K[?25l
Writing objects:  22% (33/150)[0K[1G[?25h[?25lWriting objects:  30% (45/150)[0K[1G[?25h[?25lWriting objects:  31% (47/150)[0K[1G[?25h[?25lWriting objects:  40% (60/150)[0K[1G[?25h[?25lWriting objects:  64% (96/150)[0K[2G[?25h[?25lWriting objects:  86% (128/150)[0K[1G[?25h[?25lWriting objects:  90% (135/150)[0K[1G[?25h[?25lWriting objects:  90% (135/150), 984.00 KiB | 329.00 KiB/s[0K[1G[?25h[?25lWriting objects:  98% (147/150), 984.00 KiB | 329.00 KiB/s[0K[1G[?25hWriting objects: 100% (150/150), 1.10 MiB | 343.00 KiB/s, done.[0K[?25l
Total 150 (delta 7), reused 0 (delta 0)[0K
[0K[?25hremote: Resolving deltas: 100% (7/7), done.[0K[?25l
[0K[?25hTo https://github.com/cchtEE/TAC-seq-gene-expression.git[0K[?25l
   4b056c0..7a38a19  master -> master[0K
[0K[?25h[?25l
[0;32mhindr@DESKTOP-12GM5E4 [0;35m [0;33m~/OneDrive - Tartu Ülikool/TerviseTAK/TAC-seq-gene-expression[0;36m (master)[0m[0K
$[0K[3G[?25h[?25l$ l[0K[?25hl[0K[?25l
[0K[?25hbash: ll: command not found[0K[?25l
[0K[?25h[?25l
[0;32mhindr@DESKTOP-12GM5E4 [0;35m [0;33m~/OneDrive - Tartu Ülikool/TerviseTAK/TAC-seq-gene-expression[0;36m (master)[0m[0K
$[0K[3G[?25h[?25l$ l[0K[?25hs[0K[?25l
[0K[?25h[?25lLICENSE  README.md  TAC-seq-gene-expression.R  TAC-seq-gene-expression.Rproj  data  norm_counts.tsv[0K[1G[?25h[?25l
[0K[?25h[?25l
[0;32mhindr@DESKTOP-12GM5E4 [0;35m [0;33m~/OneDrive - Tartu Ülikool/TerviseTAK/TAC-seq-gene-expression[0;36m (master)[0m[0K
$[0K[3G[?25h[?25l$ R[0K[?25hs[0K[?25l
RSetReg.exe   Rscript.exe   RstrtMgr.dll  rsaenh.dll    rshx32.dll    rstrui.exe[0K
[0K
[0;32mhindr@DESKTOP-12GM5E4 [0;35m [0;33m~/OneDrive - Tartu Ülikool/TerviseTAK/TAC-seq-gene-expression[0;36m (master)[0m[0K
$ Rs[0K[?25h[?25lc[0K[5G[?25h[6G[?25l$ Rscript.exe[0K[15G[?25h[14G[?25l$ Rscript.ex[0K[14G[?25h[13G[?25l$ Rscript.e[0K[?25h[?25l$ Rscript[0K[11G[?25h[?25l$ Rscrip[0K[10G[?25h[9G[?25l$ Rscri[0K[?25h[?25l$ Rscr[0K[?25h[?25l$ Rsc[0K[?25h[?25l$ R[0K[?25h[?25l$[0K[3G[?25h[0m[0K]0;:/c/Users/hindr/OneDrive - Tartu Ülikool/TerviseTAK/TAC-seq-gene-expression[?25l
[0;32mhindr@DESKTOP-12GM5E4 [0;35m [0;33m~/OneDrive - Tartu Ülikool/TerviseTAK/TAC-seq-gene-expression[0;36m (master)[0m[0K
$[0K[3G[?25h[?25l[1A[0;32mhindr@DESKTOP-12GM5E4 [0;35m [0;33m~/OneDrive - Tartu Ülikool/TerviseTAK/TAC-seq-gene-expression[0;36m (master)[0K
[?25l$ g[0K[?25hi[0Kt[0K[7G[?25l$ git s[0K[?25ha[0K[?25l$ git s[0K[?25ht[0Ka[0Kt[0Ku[0Ks[0K[?25l
[0K[?25hOn branch master[0K[?25l
Your branch is up to date with 'origin/master'.[0K
[0K
Changes not staged for commit:[0K
  (use "git add/rm <file>..." to update what will be committed)[0K
  (use "git checkout -- <file>..." to discard changes in working directory)[0K
[0K
        [0;31mmodified:   .Rproj.user/1C9E7A50/console06/91694022[0m[0K
        [0;31mmodified:   .Rproj.user/1C9E7A50/console06/INDEX001[0m[0K
        [0;31mmodified:   .Rproj.user/1C9E7A50/pcs/files-pane.pper[0m[0K
        [0;31mmodified:   .Rproj.user/1C9E7A50/pcs/source-pane.pper[0m[0K
        [0;31mmodified:   .Rproj.user/1C9E7A50/pcs/windowlayoutstate.pper[0m[0K
        [0;31mmodified:   .Rproj.user/1C9E7A50/pcs/workbench-pane.pper[0m[0K
        [0;31mmodified:   .Rproj.user/1C9E7A50/sources/prop/BCF51075[0m[0K
        [0;31mmodified:   .Rproj.user/1C9E7A50/sources/prop/INDEX[0m[0K
        [0;31mdeleted:    .Rproj.user/1C9E7A50/sources/s-89E82A3/37B8A32F-contents[0m[0K
        [0;31mdeleted:    .Rproj.user/1C9E7A50/sources/s-89E82A3/3EB2C201-contents[0m[0K
        [0;31mdeleted:    .Rproj.user/1C9E7A50/sources/s-89E82A3/629BEA69-contents[0m[0K
        [0;31mdeleted:    .Rproj.user/1C9E7A50/sources/s-89E82A3/8DB55FDA-contents[0m[0K
        [0;31mdeleted:    .Rproj.user/1C9E7A50/sources/s-89E82A3/D852D447-contents[0m[0K
        [0;31mdeleted:    .Rproj.user/1C9E7A50/sources/s-89E82A3/F3C66F4D[0m[0K
        [0;31mdeleted:    .Rproj.user/1C9E7A50/sources/s-89E82A3/F3C66F4D-contents[0m[0K
        [0;31mdeleted:    .Rproj.user/1C9E7A50/sources/s-89E82A3/lock_file[0m[0K
        [0;31mdeleted:    .Rproj.user/1C9E7A50/viewer_history/current_index[0m[0K
        [0;31mdeleted:    .Rproj.user/1C9E7A50/viewer_history/history_entries[0m[0K
        [0;31mdeleted:    .Rproj.user/1C9E7A50/viewer_history/viewhtml21a03af44ad1/index.html[0m[0K
        [0;31mdeleted:    .Rproj.user/1C9E7A50/viewer_history/viewhtml21a03af44ad1/lib/crosstalk-1.0.0/css/cr[0Ko
sstalk.css[0m[0K
        [0;31mdeleted:    .Rproj.user/1C9E7A50/viewer_history/viewhtml21a03af44ad1/lib/crosstalk-1.0.0/js/cro[0Ks
stalk.js[0m[0K
        [0;31mdeleted:    .Rproj.user/1C9E7A50/viewer_history/viewhtml21a03af44ad1/lib/crosstalk-1.0.0/js/cro[0Ks
stalk.js.map[0m[0K
        [0;31mdeleted:    .Rproj.user/1C9E7A50/viewer_history/viewhtml21a03af44ad1/lib/crosstalk-1.0.0/js/cro[0Ks
stalk.min.js[0m[0K
        [0;31mdeleted:    .Rproj.user/1C9E7A50/viewer_history/viewhtml21a03af44ad1/lib/crosstalk-1.0.0/js/cro[0Ks
stalk.min.js.map[0m[0K
        [0;31mdeleted:    .Rproj.user/1C9E7A50/viewer_history/viewhtml21a03af44ad1/lib/htmlwidgets-1.2/htmlwi[0Kd
gets.js[0m[0K
        [0;31mdeleted:    .Rproj.user/1C9E7A50/viewer_history/viewhtml21a03af44ad1/lib/jquery-1.11.3/jquery-A[0KU
THORS.txt[0m[0K
        [0;31mdeleted:    .Rproj.user/1C9E7A50/viewer_history/viewhtml21a03af44ad1/lib/jquery-1.11.3/jquery.j[0Ks
[0m[0K
        [0;31mdeleted:    .Rproj.user/1C9E7A50/viewer_history/viewhtml21a03af44ad1/lib/jquery-1.11.3/jquery.m[0Ki
n.js[0m[0K
        [0;31mdeleted:    .Rproj.user/1C9E7A50/viewer_history/viewhtml21a03af44ad1/lib/jquery-1.11.3/jquery.m[0Ki
n.map[0m[0K
        [0;31mdeleted:    .Rproj.user/1C9E7A50/viewer_history/viewhtml21a03af44ad1/lib/plotly-binding-4.8.0/l[0Ki
b/colourpicker/LICENSE[0m[0K
        [0;31mdeleted:    .Rproj.user/1C9E7A50/viewer_history/viewhtml21a03af44ad1/lib/plotly-binding-4.8.0/l[0Ki
b/colourpicker/colourpicker.min.css[0m[0K
        [0;31mdeleted:    .Rproj.user/1C9E7A50/viewer_history/viewhtml21a03af44ad1/lib/plotly-binding-4.8.0/l[0Ki
b/colourpicker/colourpicker.min.js[0m[0K
        [0;31mdeleted:    .Rproj.user/1C9E7A50/viewer_history/viewhtml21a03af44ad1/lib/plotly-binding-4.8.0/l[0Ki[9G[?25h[?25l
b/mathjax/cdn.js[0m[0K
        [0;31mdeleted:    .Rproj.user/1C9E7A50/viewer_history/viewhtml21a03af44ad1/lib/plotly-binding-4.8.0/l[0Ki
b/plotlyjs/LICENSE[0m[0K
        [0;31mdeleted:    .Rproj.user/1C9E7A50/viewer_history/viewhtml21a03af44ad1/lib/plotly-binding-4.8.0/l[0Ki
b/plotlyjs/locales/af.js[0m[0K
        [0;31mdeleted:    .Rproj.user/1C9E7A50/viewer_history/viewhtml21a03af44ad1/lib/plotly-binding-4.8.0/l[0Ki
b/plotlyjs/locales/am.js[0m[0K
        [0;31mdeleted:    .Rproj.user/1C9E7A50/viewer_history/viewhtml21a03af44ad1/lib/plotly-binding-4.8.0/l[0Ki
b/plotlyjs/locales/ar-dz.js[0m[0K
        [0;31mdeleted:    .Rproj.user/1C9E7A50/viewer_history/viewhtml21a03af44ad1/lib/plotly-binding-4.8.0/l[0Ki
b/plotlyjs/locales/ar-eg.js[0m[0K
        [0;31mdeleted:    .Rproj.user/1C9E7A50/viewer_history/viewhtml21a03af44ad1/lib/plotly-binding-4.8.0/l[0Ki
b/plotlyjs/locales/ar.js[0m[0K
        [0;31mdeleted:    .Rproj.user/1C9E7A50/viewer_history/viewhtml21a03af44ad1/lib/plotly-binding-4.8.0/l[0Ki
b/plotlyjs/locales/az.js[0m[0K
        [0;31mdeleted:    .Rproj.user/1C9E7A50/viewer_history/viewhtml21a03af44ad1/lib/plotly-binding-4.8.0/l[0Ki
b/plotlyjs/locales/bg.js[0m[0K
        [0;31mdeleted:    .Rproj.user/1C9E7A50/viewer_history/viewhtml21a03af44ad1/lib/plotly-binding-4.8.0/l[0Ki
b/plotlyjs/locales/bs.js[0m[0K
        [0;31mdeleted:    .Rproj.user/1C9E7A50/viewer_history/viewhtml21a03af44ad1/lib/plotly-binding-4.8.0/l[0Ki
b/plotlyjs/locales/ca.js[0m[0K
        [0;31mdeleted:    .Rproj.user/1C9E7A50/viewer_history/viewhtml21a03af44ad1/lib/plotly-binding-4.8.0/l[0Ki
b/plotlyjs/locales/cs.js[0m[0K
        [0;31mdeleted:    .Rproj.user/1C9E7A50/viewer_history/viewhtml21a03af44ad1/lib/plotly-binding-4.8.0/l[0Ki
b/plotlyjs/locales/da.js[0m[0K
        [0;31mdeleted:    .Rproj.user/1C9E7A50/viewer_history/viewhtml21a03af44ad1/lib/plotly-binding-4.8.0/l[0Ki
b/plotlyjs/locales/de-ch.js[0m[0K
        [0;31mdeleted:    .Rproj.user/1C9E7A50/viewer_history/viewhtml21a03af44ad1/lib/plotly-binding-4.8.0/l[0Ki
b/plotlyjs/locales/de.js[0m[0K
        [0;31mdeleted:    .Rproj.user/1C9E7A50/viewer_history/viewhtml21a03af44ad1/lib/plotly-binding-4.8.0/l[0Ki
b/plotlyjs/locales/el.js[0m[0K
        [0;31mdeleted:    .Rproj.user/1C9E7A50/viewer_history/viewhtml21a03af44ad1/lib/plotly-binding-4.8.0/l[0Ki
b/plotlyjs/locales/eo.js[0m[0K
        [0;31mdeleted:    .Rproj.user/1C9E7A50/viewer_history/viewhtml21a03af44ad1/lib/plotly-binding-4.8.0/l[0Ki
b/plotlyjs/locales/es-ar.js[0m[0K
        [0;31mdeleted:    .Rproj.user/1C9E7A50/viewer_history/viewhtml21a03af44ad1/lib/plotly-binding-4.8.0/l[0Ki
b/plotlyjs/locales/es-pe.js[0m[0K
        [0;31mdeleted:    .Rproj.user/1C9E7A50/viewer_history/viewhtml21a03af44ad1/lib/plotly-binding-4.8.0/l[0Ki
b/plotlyjs/locales/es.js[0m[0K
        [0;31mdeleted:    .Rproj.user/1C9E7A50/viewer_history/viewhtml21a03af44ad1/lib/plotly-binding-4.8.0/l[0Ki
b/plotlyjs/locales/et.js[0m[0K
        [0;31mdeleted:    .Rproj.user/1C9E7A50/viewer_history/viewhtml21a03af44ad1/lib/plotly-binding-4.8.0/l[0Ki
b/plotlyjs/locales/eu.js[0m[0K
        [0;31mdeleted:    .Rproj.user/1C9E7A50/viewer_history/viewhtml21a03af44ad1/lib/plotly-binding-4.8.0/l[0Ki
b/plotlyjs/locales/fa.js[0m[0K
        [0;31mdeleted:    .Rproj.user/1C9E7A50/viewer_history/viewhtml21a03af44ad1/lib/plotly-binding-4.8.0/l[0Ki
b/plotlyjs/locales/fi.js[0m[0K
        [0;31mdeleted:    .Rproj.user/1C9E7A50/viewer_history/viewhtml21a03af44ad1/lib/plotly-binding-4.8.0/l[0Ki
b/plotlyjs/locales/fo.js[0m[0K
        [0;31mdeleted:    .Rproj.user/1C9E7A50/viewer_history/viewhtml21a03af44ad1/lib/plotly-binding-4.8.0/l[0Ki
b/plotlyjs/locales/fr-ch.js[0m[0K
        [0;31mdeleted:    .Rproj.user/1C9E7A50/viewer_history/viewhtml21a03af44ad1/lib/plotly-binding-4.8.0/l[0Ki
b/plotlyjs/locales/fr.js[0m[0K
        [0;31mdeleted:    .Rproj.user/1C9E7A50/viewer_history/viewhtml21a03af44ad1/lib/plotly-binding-4.8.0/l[0Ki
b/plotlyjs/locales/gl.js[0m[0K
        [0;31mdeleted:    .Rproj.user/1C9E7A50/viewer_history/viewhtml21a03af44ad1/lib/plotly-binding-4.8.0/l[0Ki
b/plotlyjs/locales/gu.js[0m[0K
        [0;31mdeleted:    .Rproj.user/1C9E7A50/viewer_history/viewhtml21a03af44ad1/lib/plotly-binding-4.8.0/l[0Ki
b/plotlyjs/locales/he.js[0m[0K
        [0;31mdeleted:    .Rproj.user/1C9E7A50/viewer_history/viewhtml21a03af44ad1/lib/plotly-binding-4.8.0/l[0Ki
b/plotlyjs/locales/hi-in.js[0m[0K
        [0;31mdeleted:    .Rproj.user/1C9E7A50/viewer_history/viewhtml21a03af44ad1/lib/plotly-binding-4.8.0/l[0Ki
b/plotlyjs/locales/hr.js[0m[0K
        [0;31mdeleted:    .Rproj.user/1C9E7A50/viewer_history/viewhtml21a03af44ad1/lib/plotly-binding-4.8.0/l[0Ki
b/plotlyjs/locales/hu.js[0m[0K
        [0;31mdeleted:    .Rproj.user/1C9E7A50/viewer_history/viewhtml21a03af44ad1/lib/plotly-binding-4.8.0/l[0Ki
b/plotlyjs/locales/hy.js[0m[0K
        [0;31mdeleted:    .Rproj.user/1C9E7A50/viewer_history/viewhtml21a03af44ad1/lib/plotly-binding-4.8.0/l[0Ki
b/plotlyjs/locales/id.js[0m[0K
        [0;31mdeleted:    .Rproj.user/1C9E7A50/viewer_history/viewhtml21a03af44ad1/lib/plotly-binding-4.8.0/l[0Ki
b/plotlyjs/locales/is.js[0m[0K
        [0;31mdeleted:    .Rproj.user/1C9E7A50/viewer_history/viewhtml21a03af44ad1/lib/plotly-binding-4.8.0/l[0Ki
b/plotlyjs/locales/it.js[0m[0K
        [0;31mdeleted:    .Rproj.user/1C9E7A50/viewer_history/viewhtml21a03af44ad1/lib/plotly-binding-4.8.0/l[0Ki
b/plotlyjs/locales/ja.js[0m[0K
        [0;31mdeleted:    .Rproj.user/1C9E7A50/viewer_history/viewhtml21a03af44ad1/lib/plotly-binding-4.8.0/l[0Ki
b/plotlyjs/locales/ka.js[0m[0K
        [0;31mdeleted:    .Rproj.user/1C9E7A50/viewer_history/viewhtml21a03af44ad1/lib/plotly-binding-4.8.0/l[0Ki
b/plotlyjs/locales/km.js[0m[0K
        [0;31mdeleted:    .Rproj.user/1C9E7A50/viewer_history/viewhtml21a03af44ad1/lib/plotly-binding-4.8.0/l[0Ki
b/plotlyjs/locales/ko.js[0m[0K
        [0;31mdeleted:    .Rproj.user/1C9E7A50/viewer_history/viewhtml21a03af44ad1/lib/plotly-binding-4.8.0/l[0Ki[9G[?25h[?25l
b/plotlyjs/locales/lt.js[0m[0K
        [0;31mdeleted:    .Rproj.user/1C9E7A50/viewer_history/viewhtml21a03af44ad1/lib/plotly-binding-4.8.0/l[0Ki
b/plotlyjs/locales/lv.js[0m[0K
        [0;31mdeleted:    .Rproj.user/1C9E7A50/viewer_history/viewhtml21a03af44ad1/lib/plotly-binding-4.8.0/l[0Ki
b/plotlyjs/locales/me-me.js[0m[0K
        [0;31mdeleted:    .Rproj.user/1C9E7A50/viewer_history/viewhtml21a03af44ad1/lib/plotly-binding-4.8.0/l[0Ki
b/plotlyjs/locales/me.js[0m[0K
        [0;31mdeleted:    .Rproj.user/1C9E7A50/viewer_history/viewhtml21a03af44ad1/lib/plotly-binding-4.8.0/l[0Ki
b/plotlyjs/locales/mk.js[0m[0K
        [0;31mdeleted:    .Rproj.user/1C9E7A50/viewer_history/viewhtml21a03af44ad1/lib/plotly-binding-4.8.0/l[0Ki
b/plotlyjs/locales/ml.js[0m[0K
        [0;31mdeleted:    .Rproj.user/1C9E7A50/viewer_history/viewhtml21a03af44ad1/lib/plotly-binding-4.8.0/l[0Ki
b/plotlyjs/locales/ms.js[0m[0K
        [0;31mdeleted:    .Rproj.user/1C9E7A50/viewer_history/viewhtml21a03af44ad1/lib/plotly-binding-4.8.0/l[0Ki
b/plotlyjs/locales/mt.js[0m[0K
        [0;31mdeleted:    .Rproj.user/1C9E7A50/viewer_history/viewhtml21a03af44ad1/lib/plotly-binding-4.8.0/l[0Ki
b/plotlyjs/locales/nl-be.js[0m[0K
        [0;31mdeleted:    .Rproj.user/1C9E7A50/viewer_history/viewhtml21a03af44ad1/lib/plotly-binding-4.8.0/l[0Ki
b/plotlyjs/locales/nl.js[0m[0K
        [0;31mdeleted:    .Rproj.user/1C9E7A50/viewer_history/viewhtml21a03af44ad1/lib/plotly-binding-4.8.0/l[0Ki
b/plotlyjs/locales/no.js[0m[0K
        [0;31mdeleted:    .Rproj.user/1C9E7A50/viewer_history/viewhtml21a03af44ad1/lib/plotly-binding-4.8.0/l[0Ki
b/plotlyjs/locales/pa.js[0m[0K
        [0;31mdeleted:    .Rproj.user/1C9E7A50/viewer_history/viewhtml21a03af44ad1/lib/plotly-binding-4.8.0/l[0Ki
b/plotlyjs/locales/pl.js[0m[0K
        [0;31mdeleted:    .Rproj.user/1C9E7A50/viewer_history/viewhtml21a03af44ad1/lib/plotly-binding-4.8.0/l[0Ki
b/plotlyjs/locales/pt-br.js[0m[0K
        [0;31mdeleted:    .Rproj.user/1C9E7A50/viewer_history/viewhtml21a03af44ad1/lib/plotly-binding-4.8.0/l[0Ki
b/plotlyjs/locales/rm.js[0m[0K
        [0;31mdeleted:    .Rproj.user/1C9E7A50/viewer_history/viewhtml21a03af44ad1/lib/plotly-binding-4.8.0/l[0Ki
b/plotlyjs/locales/ro.js[0m[0K
        [0;31mdeleted:    .Rproj.user/1C9E7A50/viewer_history/viewhtml21a03af44ad1/lib/plotly-binding-4.8.0/l[0Ki
b/plotlyjs/locales/ru.js[0m[0K
        [0;31mdeleted:    .Rproj.user/1C9E7A50/viewer_history/viewhtml21a03af44ad1/lib/plotly-binding-4.8.0/l[0Ki
b/plotlyjs/locales/sk.js[0m[0K
        [0;31mdeleted:    .Rproj.user/1C9E7A50/viewer_history/viewhtml21a03af44ad1/lib/plotly-binding-4.8.0/l[0Ki
b/plotlyjs/locales/sl.js[0m[0K
        [0;31mdeleted:    .Rproj.user/1C9E7A50/viewer_history/viewhtml21a03af44ad1/lib/plotly-binding-4.8.0/l[0Ki
b/plotlyjs/locales/sq.js[0m[0K
        [0;31mdeleted:    .Rproj.user/1C9E7A50/viewer_history/viewhtml21a03af44ad1/lib/plotly-binding-4.8.0/l[0Ki
b/plotlyjs/locales/sr-sr.js[0m[0K
        [0;31mdeleted:    .Rproj.user/1C9E7A50/viewer_history/viewhtml21a03af44ad1/lib/plotly-binding-4.8.0/l[0Ki
b/plotlyjs/locales/sr.js[0m[0K
        [0;31mdeleted:    .Rproj.user/1C9E7A50/viewer_history/viewhtml21a03af44ad1/lib/plotly-binding-4.8.0/l[0Ki
b/plotlyjs/locales/sv.js[0m[0K
        [0;31mdeleted:    .Rproj.user/1C9E7A50/viewer_history/viewhtml21a03af44ad1/lib/plotly-binding-4.8.0/l[0Ki
b/plotlyjs/locales/sw.js[0m[0K
        [0;31mdeleted:    .Rproj.user/1C9E7A50/viewer_history/viewhtml21a03af44ad1/lib/plotly-binding-4.8.0/l[0Ki
b/plotlyjs/locales/ta.js[0m[0K
        [0;31mdeleted:    .Rproj.user/1C9E7A50/viewer_history/viewhtml21a03af44ad1/lib/plotly-binding-4.8.0/l[0Ki
b/plotlyjs/locales/th.js[0m[0K
        [0;31mdeleted:    .Rproj.user/1C9E7A50/viewer_history/viewhtml21a03af44ad1/lib/plotly-binding-4.8.0/l[0Ki
b/plotlyjs/locales/tr.js[0m[0K
        [0;31mdeleted:    .Rproj.user/1C9E7A50/viewer_history/viewhtml21a03af44ad1/lib/plotly-binding-4.8.0/l[0Ki
b/plotlyjs/locales/tt.js[0m[0K
        [0;31mdeleted:    .Rproj.user/1C9E7A50/viewer_history/viewhtml21a03af44ad1/lib/plotly-binding-4.8.0/l[0Ki
b/plotlyjs/locales/uk.js[0m[0K
        [0;31mdeleted:    .Rproj.user/1C9E7A50/viewer_history/viewhtml21a03af44ad1/lib/plotly-binding-4.8.0/l[0Ki
b/plotlyjs/locales/ur.js[0m[0K
        [0;31mdeleted:    .Rproj.user/1C9E7A50/viewer_history/viewhtml21a03af44ad1/lib/plotly-binding-4.8.0/l[0Ki
b/plotlyjs/locales/vi.js[0m[0K
        [0;31mdeleted:    .Rproj.user/1C9E7A50/viewer_history/viewhtml21a03af44ad1/lib/plotly-binding-4.8.0/l[0Ki[9G[?25h[?25l
b/plotlyjs/locales/zh-cn.js[0m[0K
        [0;31mdeleted:    .Rproj.user/1C9E7A50/viewer_history/viewhtml21a03af44ad1/lib/plotly-binding-4.8.0/l[0Ki
b/plotlyjs/locales/zh-hk.js[0m[0K
        [0;31mdeleted:    .Rproj.user/1C9E7A50/viewer_history/viewhtml21a03af44ad1/lib/plotly-binding-4.8.0/l[0Ki
b/plotlyjs/locales/zh-tw.js[0m[0K
        [0;31mdeleted:    .Rproj.user/1C9E7A50/viewer_history/viewhtml21a03af44ad1/lib/plotly-binding-4.8.0/l[0Ki
b/plotlyjs/plotly-htmlwidgets.css[0m[0K
        [0;31mdeleted:    .Rproj.user/1C9E7A50/viewer_history/viewhtml21a03af44ad1/lib/plotly-binding-4.8.0/l[0Ki
b/plotlyjs/plotly-latest.min.js[0m[0K
        [0;31mdeleted:    .Rproj.user/1C9E7A50/viewer_history/viewhtml21a03af44ad1/lib/plotly-binding-4.8.0/l[0Ki
b/selectize/selectize.bootstrap3.css[0m[0K
        [0;31mdeleted:    .Rproj.user/1C9E7A50/viewer_history/viewhtml21a03af44ad1/lib/plotly-binding-4.8.0/l[0Ki
b/selectize/selectize.min.js[0m[0K
        [0;31mdeleted:    .Rproj.user/1C9E7A50/viewer_history/viewhtml21a03af44ad1/lib/plotly-binding-4.8.0/l[0Ki
b/typedarray/LICENSE[0m[0K
        [0;31mdeleted:    .Rproj.user/1C9E7A50/viewer_history/viewhtml21a03af44ad1/lib/plotly-binding-4.8.0/l[0Ki
b/typedarray/typedarray.min.js[0m[0K
        [0;31mdeleted:    .Rproj.user/1C9E7A50/viewer_history/viewhtml21a03af44ad1/lib/plotly-binding-4.8.0/p[0Kl
otly.js[0m[0K
        [0;31mdeleted:    .Rproj.user/1C9E7A50/viewer_history/viewhtml21a03af44ad1/lib/plotly-binding-4.8.0/p[0Kl
otly.yaml[0m[0K
        [0;31mdeleted:    .Rproj.user/1C9E7A50/viewer_history/viewhtml21a03af44ad1/lib/plotly-htmlwidgets-css[0K-
1.39.2/plotly-htmlwidgets.css[0m[0K
        [0;31mdeleted:    .Rproj.user/1C9E7A50/viewer_history/viewhtml21a03af44ad1/lib/plotly-main-1.39.2/plo[0Kt
ly-latest.min.js[0m[0K
        [0;31mdeleted:    .Rproj.user/1C9E7A50/viewer_history/viewhtml21a03af44ad1/lib/typedarray-0.1/typedar[0Kr
ay.min.js[0m[0K
        [0;31mmodified:   .Rproj.user/shared/notebooks/paths[0m[0K
        [0;31mmodified:   TAC-seq-gene-expression.R[0m[0K
[0K
Untracked files:[0K
  (use "git add <file>..." to include in what will be committed)[0K
[0K
        [0;31m.Rproj.user/1C9E7A50/pcs/packages-pane.pper[0m[0K
        [0;31m.Rproj.user/1C9E7A50/sources/prop/32A76CE0[0m[0K
        [0;31m.Rproj.user/1C9E7A50/sources/prop/95025B8[0m[0K
        [0;31m.Rproj.user/1C9E7A50/sources/prop/A329E905[0m[0K
        [0;31m.Rproj.user/1C9E7A50/sources/prop/C8D8A001[0m[0K
        [0;31m.Rproj.user/1C9E7A50/sources/prop/D3AFD765[0m[0K
        [0;31m.Rproj.user/1C9E7A50/sources/prop/DD44D025[0m[0K
        [0;31m.Rproj.user/1C9E7A50/sources/s-A5BA2A79/[0m[0K
        [0;31mTAC-seq-gene-expression/[0m[0K
        [0;31mdata/READY4_UMI1.tsv[0m[0K
        [0;31mmeta.tsv[0m[0K
        [0;31mnorm_counts.tsv[0m[0K
        [0;31mtest.tsv[0m[0K
[0K
no changes added to commit (use "git add" and/or "git commit -a")[0K
[0K[?25h[?25l
[0;32mhindr@DESKTOP-12GM5E4 [0;35m [0;33m~/OneDrive - Tartu Ülikool/TerviseTAK/TAC-seq-gene-expression[0;36m (master)[0m[0K[85G[?25h[?25l
$[0K[3G[?25h[?25l$ g[0K[?25hi[0Kt[0K[7G[?25l$ git s[0K[?25h[?25lh[0K[8G[?25h[9G[?25l$ git shp[0K[?25hw[0K[?25l$ git shp[0K[?25h[?25l$ git sh[0K[?25ho[0Kw[0K[?25l
[0K[?25h[0;33mcommit 7a38a19a78beef962b37160d1e0222189b5bae1a ([0;36;96mHEAD -> [0;32;92mmaster[0;33m, [0;31;91morigin/master[0;33m, [0;31;91morigin/HEAD[0;33m)[0m[0K[?25l
Author: Hindrek Teder <hindrek.teder@gmail.com>[0K
Date:   Thu Oct 18 12:11:41 2018 +0300[0K
[0K
    add all[0K
[0K
[0;1mdiff --git a/.Rproj.user/1C9E7A50/console06/91694022 b/.Rproj.user/1C9E7A50/console06/91694022[0m[0K
[0;1mnew file mode 100644[0m[0K
[0;1mindex 0000000..b95a749[0m[0K
[0;1m--- /dev/null[0m[0K
[0;1m+++ b/.Rproj.user/1C9E7A50/console06/91694022[0m[0K
[0;36m@@ -0,0 +1,86 @@[0m[0K
[0;32m+[0m0;:/c/Users/hindr/OneDrive - Tartu [0;30;47m<C3><9C>[0mlikool/TerviseTAK/TAC-seq-gene-expression[0;30;47m^G[0;31;47m^M[0m[0K
[0;32m+hindr@DESKTOP-12GM5E4 [0;35m [0;33m~/OneDrive - Tartu [0;30;43m<C3><9C>[0m[0K[24G[?25h[?25l[0;32m+hindr@DESKTOP-12GM5E4 [0;35m [0;33m~/OneDrive - Tartu [0;30;43m<C3><9C>[0;33mlikool/TerviseTAK/TAC-seq-gene-expression[0;36m (master)[0;31;47m^M[0m[0K
[0;32m+$[0;30;42m^M[0;32m$ git[0;31;47m^M[0m[0K
[0;32m+usage: git [--version] [--help] [-C <path>] [-c name=value][0;31;47m^M[0m[0K
[0;32m+           [--exec-path[=<path>]] [--html-path] [--man-path] [--info-path][0;31;47m^M[0m[0K
:[0K[?25h[?25l[0K[?25h[?25l
[0;32mhindr@DESKTOP-12GM5E4 [0;35m [0;33m~/OneDrive - Tartu Ülikool/TerviseTAK/TAC-seq-gene-expression[0;36m (master)[0m[0K
$[0K[3G[?25h[?25l$ q[0K[?25h[?25l$[0K[3G[?25h[?25l$ g[0K[?25hi[0Kt[0K[7G[?25l$ git a[0K[?25hd[0Kd[0K[11G[?25l$ git add a[0K[?25hl[0Kl[0K[?25l
[0K[?25hfatal: pathspec 'all' did not match any files[0K[?25l
[0K[?25h[?25l
[0;32mhindr@DESKTOP-12GM5E4 [0;35m [0;33m~/OneDrive - Tartu Ülikool/TerviseTAK/TAC-seq-gene-expression[0;36m (master)[0m[0K
$[0K[3G[?25h[?25l$ git add all[0K[?25h[13G[12G[11G[?25l$ git add -all[0K[12G[?25h[?25l$ git add --all[0K[13G[?25h[?25l
[0K[?25hwarning: LF will be replaced by CRLF in .Rproj.user/1C9E7A50/pcs/files-pane.pper.[0K[?25l
The file will have its original line endings in your working directory.[0K
[0K[?25hwarning: LF will be replaced by CRLF in .Rproj.user/1C9E7A50/pcs/source-pane.pper.[0K[?25l
The file will have its original line endings in your working directory.[0K
warning: LF will be replaced by CRLF in .Rproj.user/1C9E7A50/pcs/windowlayoutstate.pper.[0K[1G[?25h[?25l
The file will have its original line endings in your working directory.[0K
warning: LF will be replaced by CRLF in .Rproj.user/1C9E7A50/pcs/workbench-pane.pper.[0K
The file will have its original line endings in your working directory.[0K
[0K[?25hwarning: LF will be replaced by CRLF in .Rproj.user/1C9E7A50/sources/prop/BCF51075.[0K[?25l
The file will have its original line endings in your working directory.[0K
[0K[?25hwarning: LF will be replaced by CRLF in .Rproj.user/1C9E7A50/sources/prop/INDEX.[0K[?25l
The file will have its original line endings in your working directory.[0K
warning: LF will be replaced by CRLF in .Rproj.user/shared/notebooks/paths.[0K
The file will have its original line endings in your working directory.[0K
[0K[?25hwarning: LF will be replaced by CRLF in .Rproj.user/1C9E7A50/pcs/packages-pane.pper.[0K[?25l
The file will have its original line endings in your working directory.[0K
warning: LF will be replaced by CRLF in .Rproj.user/1C9E7A50/sources/prop/32A76CE0.[0K
The file will have its original line endings in your working directory.[0K
[0K[?25hwarning: LF will be replaced by CRLF in .Rproj.user/1C9E7A50/sources/prop/95025B8.[0K[?25l
The file will have its original line endings in your working directory.[0K
warning: LF will be replaced by CRLF in .Rproj.user/1C9E7A50/sources/prop/A329E905.[0K
The file will have its original line endings in your working directory.[0K
warning: LF will be replaced by CRLF in .Rproj.user/1C9E7A50/sources/prop/C8D8A001.[0K
The file will have its original line endings in your working directory.[0K
warning: LF will be replaced by CRLF in .Rproj.user/1C9E7A50/sources/prop/D3AFD765.[0K
The file will have its original line endings in your working directory.[0K
warning: LF will be replaced by CRLF in .Rproj.user/1C9E7A50/sources/prop/DD44D025.[0K
The file will have its original line endings in your working directory.[0K
[0K[?25hwarning: LF will be replaced by CRLF in .Rproj.user/1C9E7A50/sources/s-A5BA2A79/C4FAA1FB.[0K[?25l
The file will have its original line endings in your working directory.[0K
[0K[?25hwarning: LF will be replaced by CRLF in .Rproj.user/1C9E7A50/sources/s-A5BA2A79/C4FAA1FB-contents.[0K[?25l
The file will have its original line endings in your working directory.[0K
warning: LF will be replaced by CRLF in .Rproj.user/1C9E7A50/sources/s-A5BA2A79/F3C66F4D.[0K
The file will have its original line endings in your working directory.[0K
[0K[?25hwarning: LF will be replaced by CRLF in .Rproj.user/1C9E7A50/sources/s-A5BA2A79/F3C66F4D-contents.[0K[?25l
The file will have its original line endings in your working directory.[0K
warning: LF will be replaced by CRLF in data/READY4_UMI1.tsv.[0K
The file will have its original line endings in your working directory.[0K
[0K[?25h[?25l
[0;32mhindr@DESKTOP-12GM5E4 [0;35m [0;33m~/OneDrive - Tartu Ülikool/TerviseTAK/TAC-seq-gene-expression[0;36m (master)[0m[0K
$[0K[3G[?25h[?25l$ g[0K[3G[?25h[4G[?25l$ gi[0K[?25ht[0K[7G[?25l$ git c[0K[?25ho[0Km[0Km[0Ki[0Kt[0K[14G[?25l$ git commit -[0K[?25hm[0K[17G[?25l$ git commit -m "[0K[?25ha[0Kd[0Kd[0K[22G[?25l$ git commit -m "add w[0K[?25he[0Kb[0K[26G[?25l$ git commit -m "add web a[0K[?25hp[0Kp[0K"[0K[?25l
[0K[?25h[master afe4400] add web app[0K[?25l
 131 files changed, 2160 insertions(+), 14547 deletions(-)[0K
 rewrite .Rproj.user/1C9E7A50/console06/INDEX001 (100%)[0K
 create mode 100644 .Rproj.user/1C9E7A50/pcs/packages-pane.pper[0K
 create mode 100644 .Rproj.user/1C9E7A50/sources/prop/32A76CE0[0K
 create mode 100644 .Rproj.user/1C9E7A50/sources/prop/95025B8[0K
 create mode 100644 .Rproj.user/1C9E7A50/sources/prop/A329E905[0K
 create mode 100644 .Rproj.user/1C9E7A50/sources/prop/C8D8A001[0K
 create mode 100644 .Rproj.user/1C9E7A50/sources/prop/D3AFD765[0K
 create mode 100644 .Rproj.user/1C9E7A50/sources/prop/DD44D025[0K
 delete mode 100644 .Rproj.user/1C9E7A50/sources/s-89E82A3/37B8A32F-contents[0K
 delete mode 100644 .Rproj.user/1C9E7A50/sources/s-89E82A3/3EB2C201-contents[0K
 delete mode 100644 .Rproj.user/1C9E7A50/sources/s-89E82A3/629BEA69-contents[0K
 delete mode 100644 .Rproj.user/1C9E7A50/sources/s-89E82A3/8DB55FDA-contents[0K
 create mode 100644 .Rproj.user/1C9E7A50/sources/s-A5BA2A79/C4FAA1FB[0K
 create mode 100644 .Rproj.user/1C9E7A50/sources/s-A5BA2A79/C4FAA1FB-contents[0K
 rename .Rproj.user/1C9E7A50/sources/{s-89E82A3 => s-A5BA2A79}/F3C66F4D (77%)[0K
 rename .Rproj.user/1C9E7A50/sources/{s-89E82A3 => s-A5BA2A79}/F3C66F4D-contents (88%)[0K
 rename .Rproj.user/1C9E7A50/sources/{s-89E82A3 => s-A5BA2A79}/lock_file (100%)[0K
 delete mode 100644 .Rproj.user/1C9E7A50/viewer_history/current_index[0K
 delete mode 100644 .Rproj.user/1C9E7A50/viewer_history/history_entries[0K
 delete mode 100644 .Rproj.user/1C9E7A50/viewer_history/viewhtml21a03af44ad1/index.html[0K
 delete mode 100644 .Rproj.user/1C9E7A50/viewer_history/viewhtml21a03af44ad1/lib/crosstalk-1.0.0/css/cr[0Ko
sstalk.css[0K
 delete mode 100644 .Rproj.user/1C9E7A50/viewer_history/viewhtml21a03af44ad1/lib/crosstalk-1.0.0/js/cro[0Ks
stalk.js[0K
 delete mode 100644 .Rproj.user/1C9E7A50/viewer_history/viewhtml21a03af44ad1/lib/crosstalk-1.0.0/js/cro[0Ks
stalk.js.map[0K
 delete mode 100644 .Rproj.user/1C9E7A50/viewer_history/viewhtml21a03af44ad1/lib/crosstalk-1.0.0/js/cro[0Ks
stalk.min.js[0K
 delete mode 100644 .Rproj.user/1C9E7A50/viewer_history/viewhtml21a03af44ad1/lib/crosstalk-1.0.0/js/cro[0Ks
stalk.min.js.map[0K
 delete mode 100644 .Rproj.user/1C9E7A50/viewer_history/viewhtml21a03af44ad1/lib/htmlwidgets-1.2/htmlwi[0Kd
gets.js[0K
 delete mode 100644 .Rproj.user/1C9E7A50/viewer_history/viewhtml21a03af44ad1/lib/jquery-1.11.3/jquery-A[0KU
THORS.txt[0K
 delete mode 100644 .Rproj.user/1C9E7A50/viewer_history/viewhtml21a03af44ad1/lib/jquery-1.11.3/jquery.j[0Ks
[0K
 delete mode 100644 .Rproj.user/1C9E7A50/viewer_history/viewhtml21a03af44ad1/lib/jquery-1.11.3/jquery.m[0Ki
n.js[0K
 delete mode 100644 .Rproj.user/1C9E7A50/viewer_history/viewhtml21a03af44ad1/lib/jquery-1.11.3/jquery.m[0Ki
n.map[0K
 delete mode 100644 .Rproj.user/1C9E7A50/viewer_history/viewhtml21a03af44ad1/lib/plotly-binding-4.8.0/l[0Ki
b/colourpicker/LICENSE[0K
 delete mode 100644 .Rproj.user/1C9E7A50/viewer_history/viewhtml21a03af44ad1/lib/plotly-binding-4.8.0/l[0Ki
b/colourpicker/colourpicker.min.css[0K
 delete mode 100644 .Rproj.user/1C9E7A50/viewer_history/viewhtml21a03af44ad1/lib/plotly-binding-4.8.0/l[0Ki
b/colourpicker/colourpicker.min.js[0K
 delete mode 100644 .Rproj.user/1C9E7A50/viewer_history/viewhtml21a03af44ad1/lib/plotly-binding-4.8.0/l[0Ki
b/mathjax/cdn.js[0K
 delete mode 100644 .Rproj.user/1C9E7A50/viewer_history/viewhtml21a03af44ad1/lib/plotly-binding-4.8.0/l[0Ki
b/plotlyjs/LICENSE[0K
 delete mode 100644 .Rproj.user/1C9E7A50/viewer_history/viewhtml21a03af44ad1/lib/plotly-binding-4.8.0/l[0Ki
b/plotlyjs/locales/af.js[0K
 delete mode 100644 .Rproj.user/1C9E7A50/viewer_history/viewhtml21a03af44ad1/lib/plotly-binding-4.8.0/l[0Ki
b/plotlyjs/locales/am.js[0K
 delete mode 100644 .Rproj.user/1C9E7A50/viewer_history/viewhtml21a03af44ad1/lib/plotly-binding-4.8.0/l[0Ki
b/plotlyjs/locales/ar-dz.js[0K
 delete mode 100644 .Rproj.user/1C9E7A50/viewer_history/viewhtml21a03af44ad1/lib/plotly-binding-4.8.0/l[0Ki
b/plotlyjs/locales/ar-eg.js[0K
 delete mode 100644 .Rproj.user/1C9E7A50/viewer_history/viewhtml21a03af44ad1/lib/plotly-binding-4.8.0/l[0Ki
b/plotlyjs/locales/ar.js[0K
 delete mode 100644 .Rproj.user/1C9E7A50/viewer_history/viewhtml21a03af44ad1/lib/plotly-binding-4.8.0/l[0Ki
b/plotlyjs/locales/az.js[0K
 delete mode 100644 .Rproj.user/1C9E7A50/viewer_history/viewhtml21a03af44ad1/lib/plotly-binding-4.8.0/l[0Ki
b/plotlyjs/locales/bg.js[0K
 delete mode 100644 .Rproj.user/1C9E7A50/viewer_history/viewhtml21a03af44ad1/lib/plotly-binding-4.8.0/l[0Ki
b/plotlyjs/locales/bs.js[0K
 delete mode 100644 .Rproj.user/1C9E7A50/viewer_history/viewhtml21a03af44ad1/lib/plotly-binding-4.8.0/l[0Ki
b/plotlyjs/locales/ca.js[0K
 delete mode 100644 .Rproj.user/1C9E7A50/viewer_history/viewhtml21a03af44ad1/lib/plotly-binding-4.8.0/l[0Ki
b/plotlyjs/locales/cs.js[0K
 delete mode 100644 .Rproj.user/1C9E7A50/viewer_history/viewhtml21a03af44ad1/lib/plotly-binding-4.8.0/l[0Ki
b/plotlyjs/locales/da.js[0K
 delete mode 100644 .Rproj.user/1C9E7A50/viewer_history/viewhtml21a03af44ad1/lib/plotly-binding-4.8.0/l[0Ki
b/plotlyjs/locales/de-ch.js[0K
 delete mode 100644 .Rproj.user/1C9E7A50/viewer_history/viewhtml21a03af44ad1/lib/plotly-binding-4.8.0/l[0Ki
b/plotlyjs/locales/de.js[0K
 delete mode 100644 .Rproj.user/1C9E7A50/viewer_history/viewhtml21a03af44ad1/lib/plotly-binding-4.8.0/l[0Ki
b/plotlyjs/locales/el.js[0K
 delete mode 100644 .Rproj.user/1C9E7A50/viewer_history/viewhtml21a03af44ad1/lib/plotly-binding-4.8.0/l[0Ki
b/plotlyjs/locales/eo.js[0K
 delete mode 100644 .Rproj.user/1C9E7A50/viewer_history/viewhtml21a03af44ad1/lib/plotly-binding-4.8.0/l[0Ki
b/plotlyjs/locales/es-ar.js[0K
 delete mode 100644 .Rproj.user/1C9E7A50/viewer_history/viewhtml21a03af44ad1/lib/plotly-binding-4.8.0/l[0Ki
b/plotlyjs/locales/es-pe.js[0K
 delete mode 100644 .Rproj.user/1C9E7A50/viewer_history/viewhtml21a03af44ad1/lib/plotly-binding-4.8.0/l[0Ki
b/plotlyjs/locales/es.js[0K
 delete mode 100644 .Rproj.user/1C9E7A50/viewer_history/viewhtml21a03af44ad1/lib/plotly-binding-4.8.0/l[0Ki
b/plotlyjs/locales/et.js[0K
 delete mode 100644 .Rproj.user/1C9E7A50/viewer_history/viewhtml21a03af44ad1/lib/plotly-binding-4.8.0/l[0Ki
b/plotlyjs/locales/eu.js[0K
 delete mode 100644 .Rproj.user/1C9E7A50/viewer_history/viewhtml21a03af44ad1/lib/plotly-binding-4.8.0/l[0Ki
b/plotlyjs/locales/fa.js[0K
 delete mode 100644 .Rproj.user/1C9E7A50/viewer_history/viewhtml21a03af44ad1/lib/plotly-binding-4.8.0/l[0Ki
b/plotlyjs/locales/fi.js[0K
 delete mode 100644 .Rproj.user/1C9E7A50/viewer_history/viewhtml21a03af44ad1/lib/plotly-binding-4.8.0/l[0Ki
b/plotlyjs/locales/fo.js[0K
 delete mode 100644 .Rproj.user/1C9E7A50/viewer_history/viewhtml21a03af44ad1/lib/plotly-binding-4.8.0/l[0Ki
b/plotlyjs/locales/fr-ch.js[0K
 delete mode 100644 .Rproj.user/1C9E7A50/viewer_history/viewhtml21a03af44ad1/lib/plotly-binding-4.8.0/l[0Ki
b/plotlyjs/locales/fr.js[0K
 delete mode 100644 .Rproj.user/1C9E7A50/viewer_history/viewhtml21a03af44ad1/lib/plotly-binding-4.8.0/l[0Ki
b/plotlyjs/locales/gl.js[0K
 delete mode 100644 .Rproj.user/1C9E7A50/viewer_history/viewhtml21a03af44ad1/lib/plotly-binding-4.8.0/l[0Ki
b/plotlyjs/locales/gu.js[0K
 delete mode 100644 .Rproj.user/1C9E7A50/viewer_history/viewhtml21a03af44ad1/lib/plotly-binding-4.8.0/l[0Ki
b/plotlyjs/locales/he.js[0K
 delete mode 100644 .Rproj.user/1C9E7A50/viewer_history/viewhtml21a03af44ad1/lib/plotly-binding-4.8.0/l[0Ki
b/plotlyjs/locales/hi-in.js[0K
 delete mode 100644 .Rproj.user/1C9E7A50/viewer_history/viewhtml21a03af44ad1/lib/plotly-binding-4.8.0/l[0Ki
b/plotlyjs/locales/hr.js[0K
 delete mode 100644 .Rproj.user/1C9E7A50/viewer_history/viewhtml21a03af44ad1/lib/plotly-binding-4.8.0/l[0Ki
b/plotlyjs/locales/hu.js[0K
 delete mode 100644 .Rproj.user/1C9E7A50/viewer_history/viewhtml21a03af44ad1/lib/plotly-binding-4.8.0/l[0Ki
b/plotlyjs/locales/hy.js[0K
 delete mode 100644 .Rproj.user/1C9E7A50/viewer_history/viewhtml21a03af44ad1/lib/plotly-binding-4.8.0/l[0Ki
b/plotlyjs/locales/id.js[0K
 delete mode 100644 .Rproj.user/1C9E7A50/viewer_history/viewhtml21a03af44ad1/lib/plotly-binding-4.8.0/l[0Ki
b/plotlyjs/locales/is.js[0K
 delete mode 100644 .Rproj.user/1C9E7A50/viewer_history/viewhtml21a03af44ad1/lib/plotly-binding-4.8.0/l[0Ki
b/plotlyjs/locales/it.js[0K
 delete mode 100644 .Rproj.user/1C9E7A50/viewer_history/viewhtml21a03af44ad1/lib/plotly-binding-4.8.0/l[0Ki
b/plotlyjs/locales/ja.js[0K
 delete mode 100644 .Rproj.user/1C9E7A50/viewer_history/viewhtml21a03af44ad1/lib/plotly-binding-4.8.0/l[0Ki
b/plotlyjs/locales/ka.js[0K
 delete mode 100644 .Rproj.user/1C9E7A50/viewer_history/viewhtml21a03af44ad1/lib/plotly-binding-4.8.0/l[0Ki
b/plotlyjs/locales/km.js[0K
 delete mode 100644 .Rproj.user/1C9E7A50/viewer_history/viewhtml21a03af44ad1/lib/plotly-binding-4.8.0/l[0Ki
b/plotlyjs/locales/ko.js[0K
 delete mode 100644 .Rproj.user/1C9E7A50/viewer_history/viewhtml21a03af44ad1/lib/plotly-binding-4.8.0/l[0Ki
b/plotlyjs/locales/lt.js[0K
 delete mode 100644 .Rproj.user/1C9E7A50/viewer_history/viewhtml21a03af44ad1/lib/plotly-binding-4.8.0/l[0Ki
b/plotlyjs/locales/lv.js[0K
 delete mode 100644 .Rproj.user/1C9E7A50/viewer_history/viewhtml21a03af44ad1/lib/plotly-binding-4.8.0/l[0Ki
b/plotlyjs/locales/me-me.js[0K
 delete mode 100644 .Rproj.user/1C9E7A50/viewer_history/viewhtml21a03af44ad1/lib/plotly-binding-4.8.0/l[0Ki
b/plotlyjs/locales/me.js[0K
 delete mode 100644 .Rproj.user/1C9E7A50/viewer_history/viewhtml21a03af44ad1/lib/plotly-binding-4.8.0/l[0Ki
b/plotlyjs/locales/mk.js[0K
 delete mode 100644 .Rproj.user/1C9E7A50/viewer_history/viewhtml21a03af44ad1/lib/plotly-binding-4.8.0/l[0Ki
b/plotlyjs/locales/ml.js[0K
 delete mode 100644 .Rproj.user/1C9E7A50/viewer_history/viewhtml21a03af44ad1/lib/plotly-binding-4.8.0/l[0Ki
b/plotlyjs/locales/ms.js[0K
 delete mode 100644 .Rproj.user/1C9E7A50/viewer_history/viewhtml21a03af44ad1/lib/plotly-binding-4.8.0/l[0Ki
b/plotlyjs/locales/mt.js[0K
 delete mode 100644 .Rproj.user/1C9E7A50/viewer_history/viewhtml21a03af44ad1/lib/plotly-binding-4.8.0/l[0Ki
b/plotlyjs/locales/nl-be.js[0K
 delete mode 100644 .Rproj.user/1C9E7A50/viewer_history/viewhtml21a03af44ad1/lib/plotly-binding-4.8.0/l[0Ki
b/plotlyjs/locales/nl.js[0K
 delete mode 100644 .Rproj.user/1C9E7A50/viewer_history/viewhtml21a03af44ad1/lib/plotly-binding-4.8.0/l[0Ki
b/plotlyjs/locales/no.js[0K
 delete mode 100644 .Rproj.user/1C9E7A50/viewer_history/viewhtml21a03af44ad1/lib/plotly-binding-4.8.0/l[0Ki
b/plotlyjs/locales/pa.js[0K
 delete mode 100644 .Rproj.user/1C9E7A50/viewer_history/viewhtml21a03af44ad1/lib/plotly-binding-4.8.0/l[0Ki
b/plotlyjs/locales/pl.js[0K
 delete mode 100644 .Rproj.user/1C9E7A50/viewer_history/viewhtml21a03af44ad1/lib/plotly-binding-4.8.0/l[0Ki
b/plotlyjs/locales/pt-br.js[0K
 delete mode 100644 .Rproj.user/1C9E7A50/viewer_history/viewhtml21a03af44ad1/lib/plotly-binding-4.8.0/l[0Ki
b/plotlyjs/locales/rm.js[0K
 delete mode 100644 .Rproj.user/1C9E7A50/viewer_history/viewhtml21a03af44ad1/lib/plotly-binding-4.8.0/l[0Ki
b/plotlyjs/locales/ro.js[0K
 delete mode 100644 .Rproj.user/1C9E7A50/viewer_history/viewhtml21a03af44ad1/lib/plotly-binding-4.8.0/l[0Ki
b/plotlyjs/locales/ru.js[0K
 delete mode 100644 .Rproj.user/1C9E7A50/viewer_history/viewhtml21a03af44ad1/lib/plotly-binding-4.8.0/l[0Ki
b/plotlyjs/locales/sk.js[0K
 delete mode 100644 .Rproj.user/1C9E7A50/viewer_history/viewhtml21a03af44ad1/lib/plotly-binding-4.8.0/l[0Ki
b/plotlyjs/locales/sl.js[0K
 delete mode 100644 .Rproj.user/1C9E7A50/viewer_history/viewhtml21a03af44ad1/lib/plotly-binding-4.8.0/l[0Ki
b/plotlyjs/locales/sq.js[0K
 delete mode 100644 .Rproj.user/1C9E7A50/viewer_history/viewhtml21a03af44ad1/lib/plotly-binding-4.8.0/l[0Ki
b/plotlyjs/locales/sr-sr.js[0K
 delete mode 100644 .Rproj.user/1C9E7A50/viewer_history/viewhtml21a03af44ad1/lib/plotly-binding-4.8.0/l[0Ki
b/plotlyjs/locales/sr.js[0K
 delete mode 100644 .Rproj.user/1C9E7A50/viewer_history/viewhtml21a03af44ad1/lib/plotly-binding-4.8.0/l[0Ki
b/plotlyjs/locales/sv.js[0K
 delete mode 100644 .Rproj.user/1C9E7A50/viewer_history/viewhtml21a03af44ad1/lib/plotly-binding-4.8.0/l[0Ki
b/plotlyjs/locales/sw.js[0K
 delete mode 100644 .Rproj.user/1C9E7A50/viewer_history/viewhtml21a03af44ad1/lib/plotly-binding-4.8.0/l[0Ki
b/plotlyjs/locales/ta.js[0K
 delete mode 100644 .Rproj.user/1C9E7A50/viewer_history/viewhtml21a03af44ad1/lib/plotly-binding-4.8.0/l[0Ki
b/plotlyjs/locales/th.js[0K
 delete mode 100644 .Rproj.user/1C9E7A50/viewer_history/viewhtml21a03af44ad1/lib/plotly-binding-4.8.0/l[0Ki
b/plotlyjs/locales/tr.js[0K
 delete mode 100644 .Rproj.user/1C9E7A50/viewer_history/viewhtml21a03af44ad1/lib/plotly-binding-4.8.0/l[0Ki
b/plotlyjs/locales/tt.js[0K
 delete mode 100644 .Rproj.user/1C9E7A50/viewer_history/viewhtml21a03af44ad1/lib/plotly-binding-4.8.0/l[0Ki
b/plotlyjs/locales/uk.js[0K
 delete mode 100644 .Rproj.user/1C9E7A50/viewer_history/viewhtml21a03af44ad1/lib/plotly-binding-4.8.0/l[0Ki
b/plotlyjs/locales/ur.js[0K
 delete mode 100644 .Rproj.user/1C9E7A50/viewer_history/viewhtml21a03af44ad1/lib/plotly-binding-4.8.0/l[0Ki
b/plotlyjs/locales/vi.js[0K
 delete mode 100644 .Rproj.user/1C9E7A50/viewer_history/viewhtml21a03af44ad1/lib/plotly-binding-4.8.0/l[0Ki
b/plotlyjs/locales/zh-cn.js[0K
 delete mode 100644 .Rproj.user/1C9E7A50/viewer_history/viewhtml21a03af44ad1/lib/plotly-binding-4.8.0/l[0Ki
b/plotlyjs/locales/zh-hk.js[0K
 delete mode 100644 .Rproj.user/1C9E7A50/viewer_history/viewhtml21a03af44ad1/lib/plotly-binding-4.8.0/l[0Ki
b/plotlyjs/locales/zh-tw.js[0K
 delete mode 100644 .Rproj.user/1C9E7A50/viewer_history/viewhtml21a03af44ad1/lib/plotly-binding-4.8.0/l[0Ki
b/plotlyjs/plotly-htmlwidgets.css[0K
 delete mode 100644 .Rproj.user/1C9E7A50/viewer_history/viewhtml21a03af44ad1/lib/plotly-binding-4.8.0/l[0Ki
b/plotlyjs/plotly-latest.min.js[0K
 delete mode 100644 .Rproj.user/1C9E7A50/viewer_history/viewhtml21a03af44ad1/lib/plotly-binding-4.8.0/l[0Ki
b/selectize/selectize.bootstrap3.css[0K
 delete mode 100644 .Rproj.user/1C9E7A50/viewer_history/viewhtml21a03af44ad1/lib/plotly-binding-4.8.0/l[0Ki
b/selectize/selectize.min.js[0K
 delete mode 100644 .Rproj.user/1C9E7A50/viewer_history/viewhtml21a03af44ad1/lib/plotly-binding-4.8.0/l[0Ki
b/typedarray/LICENSE[0K
 delete mode 100644 .Rproj.user/1C9E7A50/viewer_history/viewhtml21a03af44ad1/lib/plotly-binding-4.8.0/l[0Ki
b/typedarray/typedarray.min.js[0K
 delete mode 100644 .Rproj.user/1C9E7A50/viewer_history/viewhtml21a03af44ad1/lib/plotly-binding-4.8.0/p[0Kl
otly.js[0K
 delete mode 100644 .Rproj.user/1C9E7A50/viewer_history/viewhtml21a03af44ad1/lib/plotly-binding-4.8.0/p[0Kl
otly.yaml[0K
 delete mode 100644 .Rproj.user/1C9E7A50/viewer_history/viewhtml21a03af44ad1/lib/plotly-htmlwidgets-css[0K-
1.39.2/plotly-htmlwidgets.css[0K
 delete mode 100644 .Rproj.user/1C9E7A50/viewer_history/viewhtml21a03af44ad1/lib/plotly-main-1.39.2/plo[0Kt
ly-latest.min.js[0K
 delete mode 100644 .Rproj.user/1C9E7A50/viewer_history/viewhtml21a03af44ad1/lib/typedarray-0.1/typedar[0Kr
ay.min.js[0K
 create mode 100644 TAC-seq-gene-expression/app.R[0K
 rename .Rproj.user/1C9E7A50/sources/s-89E82A3/D852D447-contents => TAC-seq-gene-expression/targets.tsv[0K
(100%)[0K
 create mode 100644 data/READY4_UMI1.tsv[0K
[0K[?25h[?25l
[0;32mhindr@DESKTOP-12GM5E4 [0;35m [0;33m~/OneDrive - Tartu Ülikool/TerviseTAK/TAC-seq-gene-expression[0;36m (master)[0m[0K
$[0K[3G[?25h[?25l$ g[0K[?25hi[0Kt[0K[7G[?25l$ git p[0K[?25hu[0Kl[0K[?25ll[0K[10G[?25h[11G[?25l
[0K[?25hremote: Enumerating objects: 5, done.[0K[?25l
remote: Counting objects: 100% (5/5), done.[0K
remote: Compressing objects: 100% (3/3), done.[0K
remote: Total 3 (delta 1), reused 0 (delta 0), pack-reused 0[0K
[0K[?25h[?25lUnpacking objects:  33% (1/3)[0K[1G[?25hUnpacking objects: 100% (3/3), done.[0K[?25l
[0K[?25hFrom https://github.com/cchtEE/TAC-seq-gene-expression[0K[?25l
   7a38a19..95bfdf4  master     -> origin/master[0K
[0K[?25hMerge made by the 'recursive' strategy.[0K[?25l
[0K[?25h README.md | 15 [0;32m+++++++++++++++[0m[0K[?25l
 1 file changed, 15 insertions(+)[0K
[0K[?25h[?25l
[0;32mhindr@DESKTOP-12GM5E4 [0;35m [0;33m~/OneDrive - Tartu Ülikool/TerviseTAK/TAC-seq-gene-expression[0;36m (master)[0m[0K
$[0K[3G[?25h[?25l$ g[0K[?25hi[0Kt[0K[7G[?25l$ git p[0K[?25hu[0Ks[0Kh[0K[?25l
[0K[?25hCounting objects: 31, done.[0K[?25l
Delta compression using up to 4 threads.[0K
Compressing objects:  34% (10/29)[0K[1G[?25hCompressing objects: 100% (29/29), done.[0K[?25l
Writing objects:  67% (21/31)[0K[1G[?25hWriting objects: 100% (31/31), 18.88 KiB | 878.00 KiB/s, done.[0K[?25l
Total 31 (delta 6), reused 0 (delta 0)[0K
[0K[?25hremote: Resolving deltas: 100% (6/6), completed with 3 local objects.[0K[?25l
[0K[?25hTo https://github.com/cchtEE/TAC-seq-gene-expression.git[0K[?25l
   95bfdf4..d10a7aa  master -> master[0K
[0K[?25h[?25l
[0;32mhindr@DESKTOP-12GM5E4 [0;35m [0;33m~/OneDrive - Tartu Ülikool/TerviseTAK/TAC-seq-gene-expression[0;36m (master)[0m[0K
$[0K[3G[?25h[0m[0K]0;:/c/Users/hindr/OneDrive - Tartu Ülikool/TerviseTAK/TAC-seq-gene-expression[?25l
[0;32mhindr@DESKTOP-12GM5E4 [0;35m [0;33m~/OneDrive - Tartu Ülikool/TerviseTAK/TAC-seq-gene-expression[0;36m (master)[0m[0K
[?25l$ git p[0K[?25hu[0Kl[0Kl[0K[?25l
[0K[?25hAlready up to date.[0K[?25l
[0K[?25h[?25l
[0;32mhindr@DESKTOP-12GM5E4 [0;35m [0;33m~/OneDrive - Tartu Ülikool/TerviseTAK/TAC-seq-gene-expression[0;36m (master)[0m[0K
$[0K[3G[?25h[?25l$ g[0K[?25hi[0Kt[0K[7G[?25l$ git a[0K[?25hd[0Kd[0K[11G[?25l$ git add -[0K[?25h-[0Ka[0Kl[0Kl[0K[?25l
[0K[?25hwarning: LF will be replaced by CRLF in .Rproj.user/1C9E7A50/pcs/debug-breakpoints.pper.[0K[?25l
The file will have its original line endings in your working directory.[0K
[0K[?25hwarning: LF will be replaced by CRLF in .Rproj.user/1C9E7A50/pcs/files-pane.pper.[0K[?25l
The file will have its original line endings in your working directory.[0K
warning: LF will be replaced by CRLF in .Rproj.user/1C9E7A50/pcs/packages-pane.pper.[0K
The file will have its original line endings in your working directory.[0K
warning: LF will be replaced by CRLF in .Rproj.user/1C9E7A50/pcs/source-pane.pper.[0K
The file will have its original line endings in your working directory.[0K
[0K[?25hwarning: LF will be replaced by CRLF in .Rproj.user/1C9E7A50/pcs/windowlayoutstate.pper.[0K[?25l
The file will have its original line endings in your working directory.[0K
warning: LF will be replaced by CRLF in .Rproj.user/1C9E7A50/pcs/workbench-pane.pper.[0K
The file will have its original line endings in your working directory.[0K
warning: LF will be replaced by CRLF in .Rproj.user/1C9E7A50/rmd-outputs.[0K
The file will have its original line endings in your working directory.[0K
[0K[?25hwarning: LF will be replaced by CRLF in .Rproj.user/1C9E7A50/sources/prop/32A76CE0.[0K[?25l
The file will have its original line endings in your working directory.[0K
[0K[?25hwarning: LF will be replaced by CRLF in .Rproj.user/1C9E7A50/sources/prop/BCF51075.[0K[?25l
The file will have its original line endings in your working directory.[0K
[0K[?25hwarning: LF will be replaced by CRLF in .Rproj.user/1C9E7A50/sources/s-85ECC18/C4FAA1FB.[0K[?25l
The file will have its original line endings in your working directory.[0K
warning: LF will be replaced by CRLF in .Rproj.user/1C9E7A50/sources/s-85ECC18/C4FAA1FB-contents.[0K
The file will have its original line endings in your working directory.[0K
[0K[?25hwarning: LF will be replaced by CRLF in .Rproj.user/1C9E7A50/sources/s-85ECC18/F3C66F4D.[0K[?25l
The file will have its original line endings in your working directory.[0K
[0K[?25hwarning: LF will be replaced by CRLF in .Rproj.user/1C9E7A50/sources/s-85ECC18/F3C66F4D-contents.[0K[?25l
The file will have its original line endings in your working directory.[0K
[0K[?25h[?25l
[0;32mhindr@DESKTOP-12GM5E4 [0;35m [0;33m~/OneDrive - Tartu Ülikool/TerviseTAK/TAC-seq-gene-expression[0;36m (master)[0m[0K
$[0K[3G[?25h[?25l$ g[0K[?25hi[0Kt[0K[7G[?25l$ git s[0K[?25ht[0Ka[0Kt[0Ku[0Ks[0K[?25l
[0K[?25hOn branch master[0K[?25l
Your branch is up to date with 'origin/master'.[0K
[0K
Changes to be committed:[0K
  (use "git reset HEAD <file>..." to unstage)[0K
[0K
        [0;32mmodified:   .Rproj.user/1C9E7A50/console06/91694022[0m[0K
        [0;32mmodified:   .Rproj.user/1C9E7A50/console06/INDEX001[0m[0K
        [0;32mmodified:   .Rproj.user/1C9E7A50/pcs/packages-pane.pper[0m[0K
        [0;32mmodified:   .Rproj.user/1C9E7A50/pcs/workbench-pane.pper[0m[0K
        [0;32mmodified:   .Rproj.user/1C9E7A50/sources/prop/32A76CE0[0m[0K
        [0;32mmodified:   .Rproj.user/1C9E7A50/sources/prop/BCF51075[0m[0K
        [0;32mrenamed:    .Rproj.user/1C9E7A50/sources/s-A5BA2A79/C4FAA1FB -> .Rproj.user/1C9E7A50/sources/s-[0K8
5ECC18/C4FAA1FB[0m[0K
        [0;32mrenamed:    .Rproj.user/1C9E7A50/sources/s-A5BA2A79/C4FAA1FB-contents -> .Rproj.user/1C9E7A50/s[0Ko
urces/s-85ECC18/C4FAA1FB-contents[0m[0K
        [0;32mrenamed:    .Rproj.user/1C9E7A50/sources/s-A5BA2A79/F3C66F4D -> .Rproj.user/1C9E7A50/sources/s-[0K8
5ECC18/F3C66F4D[0m[0K
        [0;32mrenamed:    .Rproj.user/1C9E7A50/sources/s-A5BA2A79/F3C66F4D-contents -> .Rproj.user/1C9E7A50/s[0Ko
urces/s-85ECC18/F3C66F4D-contents[0m[0K
        [0;32mrenamed:    .Rproj.user/1C9E7A50/sources/s-A5BA2A79/lock_file -> .Rproj.user/1C9E7A50/sources/s[0K-
85ECC18/lock_file[0m[0K
        [0;32mmodified:   TAC-seq-gene-expression.R[0m[0K
        [0;32mmodified:   TAC-seq-gene-expression/app.R[0m[0K
[0K
Changes not staged for commit:[0K
  (use "git add <file>..." to update what will be committed)[0K
  (use "git checkout -- <file>..." to discard changes in working directory)[0K
[0K
        [0;31mmodified:   .Rproj.user/1C9E7A50/console06/91694022[0m[0K
[0K
[0K[?25h[?25l
[0;32mhindr@DESKTOP-12GM5E4 [0;35m [0;33m~/OneDrive - Tartu Ülikool/TerviseTAK/TAC-seq-gene-expression[0;36m (master)[0m[0K
$[0K[3G[?25h[?25l$ g[0K[?25hi[0Kt[0K[7G[?25l$ git a[0K[?25hd[0Kd[0K[11G[?25l$ git add -[0K[?25h-[0Ka[0Kl[0Kl[0K[?25l
[0K[?25hwarning: LF will be replaced by CRLF in .Rproj.user/1C9E7A50/sources/prop/32A76CE0.[0K[?25l
The file will have its original line endings in your working directory.[0K
warning: LF will be replaced by CRLF in .Rproj.user/1C9E7A50/sources/prop/BCF51075.[0K
The file will have its original line endings in your working directory.[0K
[0K[?25hwarning: LF will be replaced by CRLF in .Rproj.user/1C9E7A50/sources/prop/INDEX.[0K[?25l
The file will have its original line endings in your working directory.[0K
[0K[?25hwarning: LF will be replaced by CRLF in .Rproj.user/1C9E7A50/sources/s-85ECC18/C4FAA1FB.[0K[?25l
The file will have its original line endings in your working directory.[0K
warning: LF will be replaced by CRLF in .Rproj.user/1C9E7A50/sources/s-85ECC18/C4FAA1FB-contents.[0K
The file will have its original line endings in your working directory.[0K
warning: LF will be replaced by CRLF in .Rproj.user/1C9E7A50/sources/s-85ECC18/F3C66F4D.[0K
The file will have its original line endings in your working directory.[0K
[0K[?25hwarning: LF will be replaced by CRLF in .Rproj.user/1C9E7A50/sources/s-85ECC18/F3C66F4D-contents.[0K[?25l
The file will have its original line endings in your working directory.[0K
[0K[?25hwarning: LF will be replaced by CRLF in .Rproj.user/shared/notebooks/paths.[0K[?25l
The file will have its original line endings in your working directory.[0K
[0K[?25hwarning: LF will be replaced by CRLF in .Rproj.user/1C9E7A50/sources/prop/FD62D209.[0K[?25l
The file will have its original line endings in your working directory.[0K
[0K[?25hwarning: LF will be replaced by CRLF in .Rproj.user/1C9E7A50/sources/s-85ECC18/728BE9E2-contents.[0K[?25l
The file will have its original line endings in your working directory.[0K
[0K[?25h[?25l
[0;32mhindr@DESKTOP-12GM5E4 [0;35m [0;33m~/OneDrive - Tartu Ülikool/TerviseTAK/TAC-seq-gene-expression[0;36m (master)[0m[0K
$[0K[3G[?25h[?25l$ g[0K[?25hi[0Kt[0K[7G[?25l$ git c[0K[?25ho[0Km[0Km[0Ki[0Kt[0K[14G[?25l$ git commit -[0K[?25hn[0K[17G[?25l$ git commit -n "[0K[?25ha[0Kd[0Kd[0K[22G[?25l$ git commit -n "add d[0K[?25he[0Ks[0Kc[0Kr[0Ki[0Kp[0Kt[0Ki[0Ko[0Kn[0K"[0K[?25l
[0K[?25herror: pathspec 'add description' did not match any file(s) known to git.[0K[?25l
[0K[?25h[?25l
[0;32mhindr@DESKTOP-12GM5E4 [0;35m [0;33m~/OneDrive - Tartu Ülikool/TerviseTAK/TAC-seq-gene-expression[0;36m (master)[0m[0K
$[0K[3G[?25h[?25l$ git commit -n "add description"[0K[?25h[33G[32G[31G[30G[29G[28G[27G[26G[25G[24G[23G[22G[21G[20G[19G[18G[17G[16G[?25l$ git commit - "add description"[0K[15G[?25h[?25l$ git commit -m "add description"[0K[16G[?25h[?25l
[0K[?25h[master db0e2e4] add description[0K[?25l
 21 files changed, 2151 insertions(+), 1297 deletions(-)[0K
 rewrite .Rproj.user/1C9E7A50/console06/INDEX001 (86%)[0K
 create mode 100644 .Rproj.user/1C9E7A50/sources/prop/FD62D209[0K
 create mode 100644 .Rproj.user/1C9E7A50/sources/s-85ECC18/728BE9E2-contents[0K
 rename .Rproj.user/1C9E7A50/sources/{s-A5BA2A79 => s-85ECC18}/C4FAA1FB (73%)[0K
 rename .Rproj.user/1C9E7A50/sources/{s-A5BA2A79 => s-85ECC18}/C4FAA1FB-contents (75%)[0K
 rename .Rproj.user/1C9E7A50/sources/{s-A5BA2A79 => s-85ECC18}/F3C66F4D (77%)[0K
 rename .Rproj.user/1C9E7A50/sources/{s-A5BA2A79 => s-85ECC18}/F3C66F4D-contents (92%)[0K
 rename .Rproj.user/1C9E7A50/sources/{s-A5BA2A79 => s-85ECC18}/lock_file (100%)[0K
 create mode 100644 TAC-seq-gene-expression/data/TAC-seq_counts.tsv[0K
 rename TAC-seq-gene-expression/{ => data}/targets.tsv (100%)[0K
 delete mode 100644 data/READY4_UMI1.tsv[0K
 delete mode 100644 data/targets.tsv[0K
[0K[?25h[?25l
[0;32mhindr@DESKTOP-12GM5E4 [0;35m [0;33m~/OneDrive - Tartu Ülikool/TerviseTAK/TAC-seq-gene-expression[0;36m (master)[0m[0K[23G[?25h[?25l
$[0K[3G[?25h[?25l$ g[0K[?25hi[0Kt[0K[7G[?25l$ git p[0K[?25hu[0Ks[0Kh[0K[?25l
[0K[?25hCounting objects: 27, done.[0K[?25l
Delta compression using up to 4 threads.[0K
Compressing objects:   7% (2/26)[0K[1G[?25hCompressing objects: 100% (26/26), done.[0K[?25l
Writing objects:  62% (17/27)[0K[1G[?25hWriting objects: 100% (27/27), 13.36 KiB | 719.00 KiB/s, done.[0K[?25l
Total 27 (delta 10), reused 0 (delta 0)[0K
[0K[?25hremote: Resolving deltas:  30% (3/10)[0K[41G[?25lremote: Resolving deltas:  50% (5/10)[0K[1G[?25h[?25lremote: Resolving deltas: 100% (10/10), completed with 8 local objects.[0K[41G[?25h[?25l
[0K[?25hTo https://github.com/cchtEE/TAC-seq-gene-expression.git[0K[?25l
   d10a7aa..db0e2e4  master -> master[0K
[0K[?25h[?25l
[0;32mhindr@DESKTOP-12GM5E4 [0;35m [0;33m~/OneDrive - Tartu Ülikool/TerviseTAK/TAC-seq-gene-expression[0;36m (master)[0m[0K
$[0K[3G[?25h[0m[0K     12 [main] cut (3004) C:\cygwin64\bin\cut.exe: *** fatal error - cygheap base mismatch detected - 0[0Kx[?25l
180301410/0x18031B410.[0K
This problem is probably due to using incompatible versions of the cygwin DLL.[0K
Search for cygwin1.dll using the Windows Start->Find/Search facility[0K
and delete all but the most recent version.  The most recent version *should*[0K
reside in x:\cygwin\bin, where 'x' is the drive on which you have[0K
installed the cygwin distribution.  Rebooting is also suggested if you[0K
are unable to find another cygwin DLL.[0K
[0K[?25h]0;:/c/Users/hindr/OneDrive - Tartu Ülikool/TerviseTAK/TAC-seq-gene-expression[?25l
[0;32mhindr@DESKTOP-12GM5E4 [0;35m [0;33m~/OneDrive - Tartu Ülikool/TerviseTAK/TAC-seq-gene-expression[0;36m (master)[0m[0K
$[0K[3G[?25h[?25l[10A     12 [main] cut (3004) C:\cygwin64\bin\cut.exe: *** fatal error - cygheap base mismatch detected - 0x180301410/0x18031B410[0K.
[0K
This problem is probably due to using incompatible versions of the cygwin DLL.[0K
Search for cygwin1.dll using the Windows Start->Find/Search facility[0K
and delete all but the most recent version.  The most recent version *should*[0K
reside in x:\cygwin\bin, where 'x' is the drive on which you have[0K
installed the cygwin distribution.  Rebooting is also suggested if you[0K
are unable to find another cygwin DLL.[0K
[0K
[0;32mhindr@DESKTOP-12GM5E4 [0;35m [0;33m~/OneDrive - Tartu Ülikool/TerviseTAK/TAC-seq-gene-expression[0;36m (master)[0K
[?25l$ g[0K[?25hi[0Kt[0K[7G[?25l$ git a[0K[?25hd[0Kd[0K[?25l$ git ad[0K[10G[?25h[9G[?25l$ git a[0K[?25h[?25l$ git[0K[8G[?25h[7G[?25l$ git s[0K[?25ht[0Ka[0Kt[0Ku[0Ks[0K[?25l
[0K[?25hOn branch master[0K[?25l
Your branch is up to date with 'origin/master'.[0K
[0K
Changes not staged for commit:[0K
  (use "git add/rm <file>..." to update what will be committed)[0K
  (use "git checkout -- <file>..." to discard changes in working directory)[0K
[0K
        [0;31mmodified:   .Rproj.user/1C9E7A50/console06/91694022[0m[0K
        [0;31mmodified:   .Rproj.user/1C9E7A50/console06/INDEX001[0m[0K
        [0;31mmodified:   .Rproj.user/1C9E7A50/pcs/files-pane.pper[0m[0K
        [0;31mmodified:   .Rproj.user/1C9E7A50/pcs/workbench-pane.pper[0m[0K
        [0;31mmodified:   .Rproj.user/1C9E7A50/sources/prop/32A76CE0[0m[0K[1A[65G[?25h[?25l

        [0;31mmodified:   .Rproj.user/1C9E7A50/sources/prop/BCF51075[0m[0K
        [0;31mmodified:   .Rproj.user/1C9E7A50/sources/prop/FD62D209[0m[0K
        [0;31mmodified:   .Rproj.user/1C9E7A50/sources/prop/INDEX[0m[0K
        [0;31mdeleted:    .Rproj.user/1C9E7A50/sources/s-85ECC18/728BE9E2-contents[0m[0K
        [0;31mdeleted:    .Rproj.user/1C9E7A50/sources/s-85ECC18/C4FAA1FB[0m[0K
        [0;31mdeleted:    .Rproj.user/1C9E7A50/sources/s-85ECC18/C4FAA1FB-contents[0m[0K
        [0;31mdeleted:    .Rproj.user/1C9E7A50/sources/s-85ECC18/F3C66F4D[0m[0K
        [0;31mdeleted:    .Rproj.user/1C9E7A50/sources/s-85ECC18/F3C66F4D-contents[0m[0K
        [0;31mdeleted:    .Rproj.user/1C9E7A50/sources/s-85ECC18/lock_file[0m[0K
        [0;31mmodified:   .Rproj.user/shared/notebooks/paths[0m[0K
        [0;31mmodified:   TAC-seq-gene-expression.R[0m[0K
        [0;31mmodified:   TAC-seq-gene-expression/app.R[0m[0K
        [0;31mdeleted:    TAC-seq-gene-expression/data/TAC-seq_counts.tsv[0m[0K
        [0;31mdeleted:    TAC-seq-gene-expression/data/targets.tsv[0m[0K
[0K
Untracked files:[0K
  (use "git add <file>..." to include in what will be committed)[0K
[0K
        [0;31m.Rproj.user/1C9E7A50/sources/prop/1829B12C[0m[0K
        [0;31m.Rproj.user/1C9E7A50/sources/prop/2B7D5D56[0m[0K
        [0;31m.Rproj.user/1C9E7A50/sources/prop/4208311B[0m[0K
        [0;31m.Rproj.user/1C9E7A50/sources/prop/467C1302[0m[0K
        [0;31m.Rproj.user/1C9E7A50/sources/prop/4D139D48[0m[0K
        [0;31m.Rproj.user/1C9E7A50/sources/prop/5E4D058B[0m[0K
        [0;31m.Rproj.user/1C9E7A50/sources/prop/6672F5B[0m[0K
        [0;31m.Rproj.user/1C9E7A50/sources/prop/6C1CA035[0m[0K
        [0;31m.Rproj.user/1C9E7A50/sources/prop/85022655[0m[0K
        [0;31m.Rproj.user/1C9E7A50/sources/prop/9ECF2DD1[0m[0K
        [0;31m.Rproj.user/1C9E7A50/sources/prop/C2CF678B[0m[0K
        [0;31m.Rproj.user/1C9E7A50/sources/s-535021DC/[0m[0K
        [0;31mTAC-seq-gene-expression/data/controls/[0m[0K
        [0;31mTAC-seq-gene-expression/data/counts/[0m[0K
        [0;31mTAC-seq-gene-expression/data/targets/[0m[0K
        [0;31mTAC-seq-gene-expression/rsconnect/[0m[0K
        [0;31mtest.txt[0m[0K
[0K
no changes added to commit (use "git add" and/or "git commit -a")[0K
[0K[?25h[?25l
[0;32mhindr@DESKTOP-12GM5E4 [0;35m [0;33m~/OneDrive - Tartu Ülikool/TerviseTAK/TAC-seq-gene-expression[0;36m (master)[0m[0K
$[0K[3G[?25h[?25l$ g[0K[?25hi[0Kt[0K[7G[?25l$ git a[0K[?25hd[0Kd[0K[11G[?25l$ git add -[0K[?25h-[0Ka[0Kl[0Kl[0K[?25l
[0K[?25h